declare global @__external_rtti_vtable____class_type_info [role=rtti_class, binding=strong, object=_ZTVN10__cxxabiv117__class_type_infoE]

declare function @operatordelete(%arg0 : ptr) -> void [effects=readwrite, unwind=no, role=free_memory, binding=strong, object=cppgm_builtin_operator_delete]

global @__typeinfo_name__struct_Base [binding=weak, object=_ZTS4Base] = {
  i8 52
  i8 66
  i8 97
  i8 115
  i8 101
  i8 0
}
global @__rtti_struct_Base [binding=weak, object=_ZTI4Base] = {
  ptr addr @__external_rtti_vtable____class_type_info + 16
  ptr addr @__typeinfo_name__struct_Base
}
global @Base__vtable [binding=weak, object=_ZTV4Base] = {
  i64 0
  ptr addr @__rtti_struct_Base
  ptr addr @Base___Base
  ptr addr @Base___Base__deleting_entry
}

function @choose(%first : u8) -> i32 [binding=strong, object=_Z6chooseb] {
  slot $first : u8
  slot $value : obj<8x8>
  slot $cleanup_return__1 : i32

  block ^entry:
    store u8 %first, $first
    %t1 = addr $value
    call void @Base__Base(%t1)
    %t2 = load u8 $first
    branch %t2, ^if_then_1, ^if_else_2

  block ^if_then_1:
    store i32 7, $cleanup_return__1
    jump ^return_cleanup_action_5

  block ^return_cleanup_terminal_4:
    return i32 $cleanup_return__1

  block ^return_cleanup_action_5:
    %t3 = addr $value
    call void @Base___Base(%t3)
    jump ^return_cleanup_terminal_4

  block ^if_else_2:
    jump ^if_end_3

  block ^if_end_3:
    store i32 9, $cleanup_return__1
    jump ^return_cleanup_action_5
}
function @main() -> i32 [role=entry, binding=strong, keep_alias=yes] {
  slot $lor__1 : i64

  block ^entry:
    %t1 = call i32 @choose(1)
    %t2 = cmp ne i32 %t1, 7
    branch %t2, ^lor_short_2, ^lor_rhs_1

  block ^lor_rhs_1:
    %t3 = call i32 @choose(0)
    %t4 = cmp ne i32 %t3, 9
    %t5 = cmp ne i64 %t4, 0
    store i64 %t5, $lor__1
    jump ^lor_end_3

  block ^lor_short_2:
    store i64 1, $lor__1
    jump ^lor_end_3

  block ^lor_end_3:
    %t6 = load i64 $lor__1
    %t7 = convert trunc i32 i64 %t6
    return i32 %t7
}
function @Base___Base__base_entry(%this : ptr) -> void [binding=weak, object=_ZN4BaseD2Ev, object_root=yes, no_inline=yes] {
  slot $this : ptr

  block ^entry:
    store ptr %this, $this
    %t1 = load ptr $this
    %t2 = addr @Base__vtable
    %t3 = index i8 %t2, 16
    store ptr %t3, %t1
    return void
}
function @Base___Base__deleting_entry(%this : ptr) -> void [binding=weak, object=_ZN4BaseD0Ev] {
  slot $this : ptr

  block ^entry:
    store ptr %this, $this
    eh_cleanup ^destructor_cleanup_1
    %t1 = load ptr $this
    %t2 = addr @Base__vtable
    %t3 = index i8 %t2, 16
    store ptr %t3, %t1
    eh_end
    %t4 = load ptr $this
    call void @operatordelete(%t4)
    jump ^destructor_end_2

  block ^destructor_cleanup_1:
    %t5 = load ptr $this
    call void @operatordelete(%t5)
    eh_end
    resume

  block ^destructor_end_2:
    return void
}
function @Base___Base(%this : ptr) -> void [binding=weak, object=_ZN4BaseD1Ev] {
  slot $this : ptr

  block ^entry:
    store ptr %this, $this
    %t1 = load ptr $this
    %t2 = addr @Base__vtable
    %t3 = index i8 %t2, 16
    store ptr %t3, %t1
    return void
}
function @Base__Base(%this : ptr) -> void [unwind=no, binding=weak, object=_ZN4BaseC1Ev] {
  slot $this : ptr

  block ^entry:
    store ptr %this, $this
    %t1 = load ptr $this
    %t2 = addr @Base__vtable
    %t3 = index i8 %t2, 16
    store ptr %t3, %t1
    return void
}
alias object _ZN4BaseC2Ev = @Base__Base
