function @main() -> i32 [role=entry, binding=strong, keep_alias=yes] {
  slot $stream : obj<4x4>
  slot $dispatch : obj<1x1>
  slot $a : obj<12x4>
  slot $b : obj<12x4>
  slot $p : ptr
  slot $cond__1 : i32
  slot $land__2 : i64
  slot $land__3 : i64
  slot $land__4 : i64
  slot $land__5 : i64
  slot $land__6 : i64
  slot $land__7 : i64
  slot $land__8 : i64
  slot $land__9 : i64
  slot $land__10 : i64
  slot $land__11 : i64
  slot $land__12 : i64
  slot $land__13 : i64
  slot $land__14 : i64
  slot $land__15 : i64

  block ^entry:
    %t1 = addr $stream
    %t2 = addr $dispatch
    %t3 = addr $a
    %t4 = addr $b
    %t5 = addr $stream
    %t6 = index i8 [projection=field] %t5, 0
    store i32 0, %t6
    %t7 = addr $a
    %t8 = index i8 [projection=field] %t7, 0
    store i32 5, %t8
    %t9 = addr $a
    %t10 = index i8 [projection=field] %t9, 4
    %t11 = unary decay ptr %t10
    %t12 = index i32 [projection=array_element] %t11, 0
    store i32 4, %t12
    %t13 = addr $a
    %t14 = index i8 [projection=field] %t13, 4
    %t15 = unary decay ptr %t14
    %t16 = index i32 [projection=array_element] %t15, 1
    store i32 9, %t16
    %t17 = addr $b
    %t18 = index i8 [projection=field] %t17, 0
    store i32 3, %t18
    %t19 = addr $b
    %t20 = index i8 [projection=field] %t19, 4
    %t21 = unary decay ptr %t20
    %t22 = index i32 [projection=array_element] %t21, 0
    store i32 1, %t22
    %t23 = addr $b
    %t24 = index i8 [projection=field] %t23, 4
    %t25 = unary decay ptr %t24
    %t26 = index i32 [projection=array_element] %t25, 1
    store i32 2, %t26
    %t27 = addr $stream
    %t28 = addr $a
    %t29 = call ptr @operator__(%t27, %t28)
    %t30 = addr $b
    %t31 = call ptr @operator__(%t29, %t30)
    %t32 = addr $a
    %t33 = call ptr @operator__(%t31, %t32)
    store ptr %t33, $p
    %t34 = load ptr $p
    %t35 = addr $stream
    %t36 = cmp eq ptr %t34, %t35
    branch %t36, ^land_rhs_43, ^land_short_44

  block ^land_rhs_43:
    %t37 = addr $stream
    %t38 = index i8 [projection=field] %t37, 0
    %t39 = load i32 %t38
    %t40 = cmp eq i32 %t39, 13
    %t41 = cmp ne i64 %t40, 0
    store i64 %t41, $land__15
    jump ^land_end_45

  block ^land_short_44:
    store i64 0, $land__15
    jump ^land_end_45

  block ^land_end_45:
    %t42 = load i64 $land__15
    branch %t42, ^land_rhs_40, ^land_short_41

  block ^land_rhs_40:
    %t43 = addr $a
    %t44 = call i32 @Number_int___operator__(%t43, 1)
    %t45 = cmp eq i32 %t44, 9
    %t46 = cmp ne i64 %t45, 0
    store i64 %t46, $land__14
    jump ^land_end_42

  block ^land_short_41:
    store i64 0, $land__14
    jump ^land_end_42

  block ^land_end_42:
    %t47 = load i64 $land__14
    branch %t47, ^land_rhs_37, ^land_short_38

  block ^land_rhs_37:
    %t48 = addr $a
    %t49 = call i32 @Number_int___operator_(%t48)
    %t50 = cmp eq i32 %t49, 5
    %t51 = cmp ne i64 %t50, 0
    store i64 %t51, $land__13
    jump ^land_end_39

  block ^land_short_38:
    store i64 0, $land__13
    jump ^land_end_39

  block ^land_end_39:
    %t52 = load i64 $land__13
    branch %t52, ^land_rhs_34, ^land_short_35

  block ^land_rhs_34:
    %t53 = addr $a
    %t54 = call i32 @Number_int___operator___sym2(%t53)
    %t55 = unary neg i32 5
    %t56 = cmp eq i32 %t54, %t55
    %t57 = cmp ne i64 %t56, 0
    store i64 %t57, $land__12
    jump ^land_end_36

  block ^land_short_35:
    store i64 0, $land__12
    jump ^land_end_36

  block ^land_end_36:
    %t58 = load i64 $land__12
    branch %t58, ^land_rhs_31, ^land_short_32

  block ^land_rhs_31:
    %t59 = addr $a
    %t60 = addr $b
    %t61 = call i32 @operator_(%t59, %t60)
    %t62 = cmp eq i32 %t61, 8
    %t63 = cmp ne i64 %t62, 0
    store i64 %t63, $land__11
    jump ^land_end_33

  block ^land_short_32:
    store i64 0, $land__11
    jump ^land_end_33

  block ^land_end_33:
    %t64 = load i64 $land__11
    branch %t64, ^land_rhs_28, ^land_short_29

  block ^land_rhs_28:
    %t65 = addr $a
    %t66 = addr $b
    %t67 = call i32 @operator___sym2(%t65, %t66)
    %t68 = cmp eq i32 %t67, 2
    %t69 = cmp ne i64 %t68, 0
    store i64 %t69, $land__10
    jump ^land_end_30

  block ^land_short_29:
    store i64 0, $land__10
    jump ^land_end_30

  block ^land_end_30:
    %t70 = load i64 $land__10
    branch %t70, ^land_rhs_25, ^land_short_26

  block ^land_rhs_25:
    %t71 = addr $b
    %t72 = addr $a
    %t73 = call u8 @operator___sym3(%t71, %t72)
    %t74 = cmp ne i64 %t73, 0
    store i64 %t74, $land__9
    jump ^land_end_27

  block ^land_short_26:
    store i64 0, $land__9
    jump ^land_end_27

  block ^land_end_27:
    %t75 = load i64 $land__9
    branch %t75, ^land_rhs_22, ^land_short_23

  block ^land_rhs_22:
    %t76 = addr $a
    %t77 = addr $b
    %t78 = call u8 @operator___sym4(%t76, %t77)
    %t79 = cmp ne i64 %t78, 0
    store i64 %t79, $land__8
    jump ^land_end_24

  block ^land_short_23:
    store i64 0, $land__8
    jump ^land_end_24

  block ^land_end_24:
    %t80 = load i64 $land__8
    branch %t80, ^land_rhs_19, ^land_short_20

  block ^land_rhs_19:
    %t81 = addr $a
    %t82 = addr $a
    %t83 = call u8 @operator____sym2(%t81, %t82)
    %t84 = cmp ne i64 %t83, 0
    store i64 %t84, $land__7
    jump ^land_end_21

  block ^land_short_20:
    store i64 0, $land__7
    jump ^land_end_21

  block ^land_end_21:
    %t85 = load i64 $land__7
    branch %t85, ^land_rhs_16, ^land_short_17

  block ^land_rhs_16:
    %t86 = addr $a
    %t87 = addr $a
    %t88 = call u8 @operator____sym3(%t86, %t87)
    %t89 = cmp ne i64 %t88, 0
    store i64 %t89, $land__6
    jump ^land_end_18

  block ^land_short_17:
    store i64 0, $land__6
    jump ^land_end_18

  block ^land_end_18:
    %t90 = load i64 $land__6
    branch %t90, ^land_rhs_13, ^land_short_14

  block ^land_rhs_13:
    %t91 = addr $a
    %t92 = addr $a
    %t93 = call u8 @operator____sym4(%t91, %t92)
    %t94 = cmp ne i64 %t93, 0
    store i64 %t94, $land__5
    jump ^land_end_15

  block ^land_short_14:
    store i64 0, $land__5
    jump ^land_end_15

  block ^land_end_15:
    %t95 = load i64 $land__5
    branch %t95, ^land_rhs_10, ^land_short_11

  block ^land_rhs_10:
    %t96 = addr $a
    %t97 = addr $b
    %t98 = call u8 @operator____sym5(%t96, %t97)
    %t99 = cmp ne i64 %t98, 0
    store i64 %t99, $land__4
    jump ^land_end_12

  block ^land_short_11:
    store i64 0, $land__4
    jump ^land_end_12

  block ^land_end_12:
    %t100 = load i64 $land__4
    branch %t100, ^land_rhs_7, ^land_short_8

  block ^land_rhs_7:
    %t101 = addr $dispatch
    %t102 = addr $a
    %t103 = call i32 @Dispatcher__operator__(%t101, %t102)
    %t104 = cmp eq i32 %t103, 1
    %t105 = cmp ne i64 %t104, 0
    store i64 %t105, $land__3
    jump ^land_end_9

  block ^land_short_8:
    store i64 0, $land__3
    jump ^land_end_9

  block ^land_end_9:
    %t106 = load i64 $land__3
    branch %t106, ^land_rhs_4, ^land_short_5

  block ^land_rhs_4:
    %t107 = addr $dispatch
    %t108 = addr $a
    %t109 = addr $b
    %t110 = call i32 @Dispatcher__operator____ov2(%t107, %t108, %t109)
    %t111 = cmp eq i32 %t110, 2
    %t112 = cmp ne i64 %t111, 0
    store i64 %t112, $land__2
    jump ^land_end_6

  block ^land_short_5:
    store i64 0, $land__2
    jump ^land_end_6

  block ^land_end_6:
    %t113 = load i64 $land__2
    branch %t113, ^cond_then_1, ^cond_else_2

  block ^cond_then_1:
    store i32 0, $cond__1
    jump ^cond_end_3

  block ^cond_else_2:
    store i32 1, $cond__1
    jump ^cond_end_3

  block ^cond_end_3:
    %t114 = load i32 $cond__1
    return i32 %t114
}
function @operator__(%stream : ptr [pass=reference], %value : ptr [pass=reference]) -> ptr [binding=weak, object=_ZlsIiER6StreamS1_RK6NumberIT_E] {
  slot $stream : ptr
  slot $value : ptr

  block ^entry:
    store ptr %stream, $stream
    store ptr %value, $value
    %t1 = load ptr $stream
    %t2 = index i8 [projection=field] %t1, 0
    %t3 = load i32 %t2
    %t4 = load ptr $value
    %t5 = index i8 [projection=field] %t4, 0
    %t6 = load i32 %t5
    %t7 = binary add i32 %t3, %t6
    %t8 = load ptr $stream
    %t9 = index i8 [projection=field] %t8, 0
    store i32 %t7, %t9
    %t10 = load ptr $stream
    return ptr %t10
}
function @Number_int___operator__(%this : ptr, %i : i32) -> i32 [binding=weak, object=_ZNK6NumberIiEixEi] {
  slot $this : ptr
  slot $i : i32

  block ^entry:
    store ptr %this, $this
    store i32 %i, $i
    %t1 = load ptr $this
    %t2 = index i8 [projection=field] %t1, 4
    %t3 = unary decay ptr %t2
    %t4 = load i32 $i
    %t5 = index i32 [projection=array_element] %t3, %t4
    %t6 = load i32 %t5
    return i32 %t6
}
function @Number_int___operator_(%this : ptr) -> i32 [binding=weak, object=_ZNK6NumberIiEpsEv] {
  slot $this : ptr

  block ^entry:
    store ptr %this, $this
    %t1 = load ptr $this
    %t2 = index i8 [projection=field] %t1, 0
    %t3 = load i32 %t2
    return i32 %t3
}
function @Number_int___operator___sym2(%this : ptr) -> i32 [binding=weak, object=_ZNK6NumberIiEngEv] {
  slot $this : ptr

  block ^entry:
    store ptr %this, $this
    %t1 = load ptr $this
    %t2 = index i8 [projection=field] %t1, 0
    %t3 = load i32 %t2
    %t4 = unary neg i32 %t3
    return i32 %t4
}
function @operator_(%a : ptr [pass=reference], %b : ptr [pass=reference]) -> i32 [binding=weak, object=_ZplIiET_RK6NumberIS0_ES4_] {
  slot $a : ptr
  slot $b : ptr

  block ^entry:
    store ptr %a, $a
    store ptr %b, $b
    %t1 = load ptr $a
    %t2 = index i8 [projection=field] %t1, 0
    %t3 = load i32 %t2
    %t4 = load ptr $b
    %t5 = index i8 [projection=field] %t4, 0
    %t6 = load i32 %t5
    %t7 = binary add i32 %t3, %t6
    return i32 %t7
}
function @operator___sym2(%a : ptr [pass=reference], %b : ptr [pass=reference]) -> i32 [binding=weak, object=_ZmiIiET_RK6NumberIS0_ES4_] {
  slot $a : ptr
  slot $b : ptr

  block ^entry:
    store ptr %a, $a
    store ptr %b, $b
    %t1 = load ptr $a
    %t2 = index i8 [projection=field] %t1, 0
    %t3 = load i32 %t2
    %t4 = load ptr $b
    %t5 = index i8 [projection=field] %t4, 0
    %t6 = load i32 %t5
    %t7 = binary sub i32 %t3, %t6
    return i32 %t7
}
function @operator___sym3(%a : ptr [pass=reference], %b : ptr [pass=reference]) -> u8 [binding=weak, object=_ZltIiEbRK6NumberIT_ES4_] {
  slot $a : ptr
  slot $b : ptr

  block ^entry:
    store ptr %a, $a
    store ptr %b, $b
    %t1 = load ptr $a
    %t2 = index i8 [projection=field] %t1, 0
    %t3 = load i32 %t2
    %t4 = load ptr $b
    %t5 = index i8 [projection=field] %t4, 0
    %t6 = load i32 %t5
    %t7 = cmp lt i32 %t3, %t6
    %t8 = convert trunc u8 i64 %t7
    return u8 %t8
}
function @operator___sym4(%a : ptr [pass=reference], %b : ptr [pass=reference]) -> u8 [binding=weak, object=_ZgtIiEbRK6NumberIT_ES4_] {
  slot $a : ptr
  slot $b : ptr

  block ^entry:
    store ptr %a, $a
    store ptr %b, $b
    %t1 = load ptr $a
    %t2 = index i8 [projection=field] %t1, 0
    %t3 = load i32 %t2
    %t4 = load ptr $b
    %t5 = index i8 [projection=field] %t4, 0
    %t6 = load i32 %t5
    %t7 = cmp gt i32 %t3, %t6
    %t8 = convert trunc u8 i64 %t7
    return u8 %t8
}
function @operator____sym2(%a : ptr [pass=reference], %b : ptr [pass=reference]) -> u8 [binding=weak, object=_ZleIiEbRK6NumberIT_ES4_] {
  slot $a : ptr
  slot $b : ptr

  block ^entry:
    store ptr %a, $a
    store ptr %b, $b
    %t1 = load ptr $a
    %t2 = index i8 [projection=field] %t1, 0
    %t3 = load i32 %t2
    %t4 = load ptr $b
    %t5 = index i8 [projection=field] %t4, 0
    %t6 = load i32 %t5
    %t7 = cmp le i32 %t3, %t6
    %t8 = convert trunc u8 i64 %t7
    return u8 %t8
}
function @operator____sym3(%a : ptr [pass=reference], %b : ptr [pass=reference]) -> u8 [binding=weak, object=_ZgeIiEbRK6NumberIT_ES4_] {
  slot $a : ptr
  slot $b : ptr

  block ^entry:
    store ptr %a, $a
    store ptr %b, $b
    %t1 = load ptr $a
    %t2 = index i8 [projection=field] %t1, 0
    %t3 = load i32 %t2
    %t4 = load ptr $b
    %t5 = index i8 [projection=field] %t4, 0
    %t6 = load i32 %t5
    %t7 = cmp ge i32 %t3, %t6
    %t8 = convert trunc u8 i64 %t7
    return u8 %t8
}
function @operator____sym4(%a : ptr [pass=reference], %b : ptr [pass=reference]) -> u8 [binding=weak, object=_ZeqIiEbRK6NumberIT_ES4_] {
  slot $a : ptr
  slot $b : ptr

  block ^entry:
    store ptr %a, $a
    store ptr %b, $b
    %t1 = load ptr $a
    %t2 = index i8 [projection=field] %t1, 0
    %t3 = load i32 %t2
    %t4 = load ptr $b
    %t5 = index i8 [projection=field] %t4, 0
    %t6 = load i32 %t5
    %t7 = cmp eq i32 %t3, %t6
    %t8 = convert trunc u8 i64 %t7
    return u8 %t8
}
function @operator____sym5(%a : ptr [pass=reference], %b : ptr [pass=reference]) -> u8 [binding=weak, object=_ZneIiEbRK6NumberIT_ES4_] {
  slot $a : ptr
  slot $b : ptr

  block ^entry:
    store ptr %a, $a
    store ptr %b, $b
    %t1 = load ptr $a
    %t2 = load ptr $b
    %t3 = call u8 @operator____sym4(%t1, %t2)
    %t4 = cmp eq u8 %t3, 0
    %t5 = convert trunc u8 i64 %t4
    return u8 %t5
}
function @Dispatcher__operator__(%this : ptr, %__param1 : ptr [pass=reference]) -> i32 [binding=weak, object=_ZNK10DispatcherclI6NumberIiEEEiRKT_] {
  slot $this : ptr
  slot $__param1 : ptr

  block ^entry:
    store ptr %this, $this
    store ptr %__param1, $__param1
    return i32 1
}
function @Dispatcher__operator____ov2(%this : ptr, %__param1 : ptr [pass=reference], %__param2 : ptr [pass=reference]) -> i32 [binding=weak, object=_ZNK10DispatcherclI6NumberIiES2_EEiRKT_RKT0_] {
  slot $this : ptr
  slot $__param1 : ptr
  slot $__param2 : ptr

  block ^entry:
    store ptr %this, $this
    store ptr %__param1, $__param1
    store ptr %__param2, $__param2
    return i32 2
}
