global @nonprimary_chained_lambda__side_effect : i32 [binding=strong, object=_ZN25nonprimary_chained_lambda11side_effectE] = zero

function @nonprimary_chained_lambda__run() -> i32 [binding=weak, object=_ZN25nonprimary_chained_lambda3runEv] {
  slot $call__1 : i32
  slot $tmpobj__2 : obj<1x1>
  slot $tmpobj__3 : obj<1x1>
  slot $arg__4 : obj<1x1>
  slot $arg__5 : obj<1x1>

  block ^entry:
    eh_try ^cleanup_resume_1
    %t1 = addr $tmpobj__2
    %t2 = addr $tmpobj__3
    call void @nonprimary_chained_lambda__first_void___first(%t2)
    eh_end
    jump ^call_unwind_end_2

  block ^cleanup_resume_1:
    resume

  block ^call_unwind_end_2:
    %t3 = addr $arg__4
    call void @nonprimary_chained_lambda__first_void___old(%t1, %t2, %t3)
    %t4 = addr $arg__5
    eh_try ^cleanup_action_3
    %t5 = call i32 @nonprimary_chained_lambda__second_void___postcondition(%t1, %t4)
    store i32 %t5, $call__1
    %t6 = load i32 $call__1
    call void @nonprimary_chained_lambda__second_void____second(%t1)
    eh_end
    jump ^call_unwind_end_4

  block ^cleanup_action_3:
    call void @nonprimary_chained_lambda__second_void____second(%t1)
    jump ^cleanup_resume_1

  block ^call_unwind_end_4:
    return i32 %t6
}

function @main() -> i32 [role=entry, binding=strong, keep_alias=yes] {
  slot $cond__1 : i32
  slot $land__2 : i64

  block ^entry:
    %t1 = call i32 @nonprimary_chained_lambda__run()
    %t2 = cmp eq i32 %t1, 0
    branch %t2, ^land_rhs_4, ^land_short_5

  block ^land_rhs_4:
    %t3 = load i32 @nonprimary_chained_lambda__side_effect
    %t4 = cmp eq i32 %t3, 2
    %t5 = cmp ne i64 %t4, 0
    store i64 %t5, $land__2
    jump ^land_end_6

  block ^land_short_5:
    store i64 0, $land__2
    jump ^land_end_6

  block ^land_end_6:
    %t6 = load i64 $land__2
    branch %t6, ^cond_then_1, ^cond_else_2

  block ^cond_then_1:
    store i32 0, $cond__1
    jump ^cond_end_3

  block ^cond_else_2:
    store i32 1, $cond__1
    jump ^cond_end_3

  block ^cond_end_3:
    %t7 = load i32 $cond__1
    return i32 %t7
}

function @nonprimary_chained_lambda__second_void____second(%this : ptr) -> void [binding=weak, object=_ZN25nonprimary_chained_lambda6secondIvED1Ev] {
  slot $this : ptr

  block ^entry:
    store ptr %this, $this
    return void
}

function @nonprimary_chained_lambda__second_void___postcondition(%this : ptr, %f : ptr [pass=reference]) -> i32 [binding=internal, object=_ZN25nonprimary_chained_lambda6secondIvE13postconditionIZNS_3runEvEUlvE0_EEiRKT_] {
  slot $this : ptr
  slot $f : ptr

  block ^entry:
    store ptr %this, $this
    store ptr %f, $f
    %t1 = load ptr $f
    call void @nonprimary_chained_lambda____lambda_nonprimary_chained_lambda__run_t114_114_n1__operator__(%t1)
    return i32 0
}

function @nonprimary_chained_lambda__first_void___old(%ret : ptr [pass=indirect_result], %this : ptr, %__param1 : ptr [pass=reference]) -> void [binding=internal, object=_ZN25nonprimary_chained_lambda5firstIvE3oldIZNS_3runEvEUlvE_EENS_6secondIvEERKT_] {
  slot $this : ptr
  slot $__param1 : ptr

  block ^entry:
    store ptr %this, $this
    store ptr %__param1, $__param1
    call void @nonprimary_chained_lambda__second_void___second(%ret)
    return void
}

function @nonprimary_chained_lambda__first_void___first(%this : ptr) -> void [unwind=no, binding=weak, object=_ZN25nonprimary_chained_lambda5firstIvEC1Ev, trivial_lifecycle=yes] {
  slot $this : ptr

  block ^entry:
    store ptr %this, $this
    return void
}

function @nonprimary_chained_lambda____lambda_nonprimary_chained_lambda__run_t114_114_n1__operator__(%this : ptr) -> void [binding=internal, object=_ZZN25nonprimary_chained_lambda3runEvENKUlvE0_clEv] {
  slot $this : ptr

  block ^entry:
    store ptr %this, $this
    store i32 2, @nonprimary_chained_lambda__side_effect
    return void
}

function @nonprimary_chained_lambda__second_void___second(%this : ptr) -> void [unwind=no, binding=weak, object=_ZN25nonprimary_chained_lambda6secondIvEC1Ev, trivial_lifecycle=yes] {
  slot $this : ptr

  block ^entry:
    store ptr %this, $this
    return void
}
