function @outer__detail__operator_(%__param0 : i32) -> u8 [binding=strong, object=_ZN5outer6detailntENS0_3tagE] {
  slot $__param0 : i32

  block ^entry:
    store i32 %__param0, $__param0
    return u8 0
}
function @outer__detail__run(%s : obj<4x4>) -> i32 [binding=strong, object=_ZN5outer6detail3runENS_6statusE] {
  slot $s : obj<4x4>
  slot $cond__1 : i32

  block ^entry:
    %t1 = addr $s
    copyobj 4x4 %s, %t1
    %t2 = addr $s
    %t3 = call u8 @outer__status__operatorbool(%t2)
    %t4 = cmp eq u8 %t3, 0
    branch %t4, ^cond_then_1, ^cond_else_2

  block ^cond_then_1:
    store i32 1, $cond__1
    jump ^cond_end_3

  block ^cond_else_2:
    store i32 0, $cond__1
    jump ^cond_end_3

  block ^cond_end_3:
    %t5 = load i32 $cond__1
    return i32 %t5
}
function @main() -> i32 [role=entry, binding=strong, keep_alias=yes] {
  slot $s : obj<4x4>
  slot $cond__1 : i32
  slot $argobj__2 : obj<4x4>

  block ^entry:
    %t1 = addr $s
    %t2 = addr $s
    %t3 = index i8 [projection=field] %t2, 0
    store i32 0, %t3
    %t4 = addr $argobj__2
    %t5 = addr $s
    copyobj 4x4 %t5, %t4
    %t6 = call i32 @outer__detail__run($argobj__2)
    %t7 = cmp eq i32 %t6, 1
    branch %t7, ^cond_then_1, ^cond_else_2

  block ^cond_then_1:
    store i32 0, $cond__1
    jump ^cond_end_3

  block ^cond_else_2:
    store i32 1, $cond__1
    jump ^cond_end_3

  block ^cond_end_3:
    %t8 = load i32 $cond__1
    return i32 %t8
}
function @outer__status__operatorbool(%this : ptr) -> u8 [binding=weak, object=_ZNK5outer6statuscvbEv] {
  slot $this : ptr

  block ^entry:
    store ptr %this, $this
    %t1 = load ptr $this
    %t2 = index i8 [projection=field] %t1, 0
    %t3 = load i32 %t2
    %t4 = cmp ne i32 %t3, 0
    %t5 = convert trunc u8 i64 %t4
    return u8 %t5
}
