declare function @operatornew__(%arg0 : i64) -> ptr [effects=readwrite, role=allocate_memory, binding=strong, object=cppgm_builtin_operator_new_array]
declare function @operatordelete__(%arg0 : ptr) -> void [effects=readwrite, unwind=no, role=free_memory, binding=strong, object=cppgm_builtin_operator_delete_array]

global @constructed : i32 [binding=internal, object=_Z11constructed] = zero
global @destroyed : i32 [binding=internal, object=_Z9destroyed] = zero
global @fail : i32 [binding=internal, object=_Z4fail] = zero
global @expected : i32 [binding=internal, object=_Z8expected] = 3

function @main() -> i32 [role=entry, binding=strong, keep_alias=yes] {
  slot $items : ptr
  slot $array_new_index__1 : i64
  slot $array_dtor_index__2 : i64
  slot $ok : i32
  slot $land__3 : i64
  slot $land__4 : i64
  slot $array_delete_index__5 : i64
  slot $cond__6 : i32
  slot $land__7 : i64
  slot $land__8 : i64
  slot $land__9 : i64

  block ^entry:
    %t1 = convert sext i64 i32 20
    %t2 = call ptr @operatornew__(%t1)
    %t3 = index i8 %t2, 8
    %t4 = const i64 3
    store i64 %t4, %t2
    %t5 = const i64 3
    store i64 0, $array_new_index__1
    jump ^array_new_ctor_cond_1

  block ^array_new_ctor_cond_1:
    %t6 = load i64 $array_new_index__1
    %t7 = cmp ult i64 %t6, %t5
    branch %t7, ^array_new_ctor_body_2, ^array_new_ctor_end_3

  block ^array_new_ctor_body_2:
    %t8 = binary mul i64 %t6, 4
    %t9 = index i8 %t3, %t8
    eh_try ^array_new_ctor_cleanup_4
    call void @Item__Item(%t9)
    eh_end
    %t10 = binary add i64 %t6, 1
    store i64 %t10, $array_new_index__1
    jump ^array_new_ctor_cond_1

  block ^array_new_ctor_end_3:
    jump ^array_new_ctor_cont_5

  block ^array_new_ctor_cleanup_4:
    %t11 = load i64 $array_new_index__1
    store i64 %t11, $array_dtor_index__2
    jump ^array_dtor_cond_6

  block ^array_dtor_cond_6:
    %t12 = load i64 $array_dtor_index__2
    %t13 = cmp ne i64 %t12, 0
    branch %t13, ^array_dtor_body_7, ^array_dtor_end_8

  block ^array_dtor_body_7:
    %t14 = binary sub i64 %t12, 1
    store i64 %t14, $array_dtor_index__2
    %t15 = binary mul i64 %t14, 4
    %t16 = index i8 %t3, %t15
    call void @Item___Item(%t16)
    jump ^array_dtor_cond_6

  block ^array_dtor_end_8:
    call void @operatordelete__(%t2)
    resume

  block ^array_new_ctor_cont_5:
    store ptr %t3, $items
    %t17 = load i32 @constructed
    %t18 = cmp eq i32 %t17, 3
    branch %t18, ^land_rhs_12, ^land_short_13

  block ^land_rhs_12:
    %t19 = load ptr $items
    %t20 = binary mul i64 0, 4
    %t21 = index i8 [projection=array_element] %t19, %t20
    %t22 = index i8 [projection=field] %t21, 0
    %t23 = load i32 %t22
    %t24 = cmp eq i32 %t23, 1
    %t25 = cmp ne i64 %t24, 0
    store i64 %t25, $land__4
    jump ^land_end_14

  block ^land_short_13:
    store i64 0, $land__4
    jump ^land_end_14

  block ^land_end_14:
    %t26 = load i64 $land__4
    branch %t26, ^land_rhs_9, ^land_short_10

  block ^land_rhs_9:
    %t27 = load ptr $items
    %t28 = binary mul i64 2, 4
    %t29 = index i8 [projection=array_element] %t27, %t28
    %t30 = index i8 [projection=field] %t29, 0
    %t31 = load i32 %t30
    %t32 = cmp eq i32 %t31, 3
    %t33 = cmp ne i64 %t32, 0
    store i64 %t33, $land__3
    jump ^land_end_11

  block ^land_short_10:
    store i64 0, $land__3
    jump ^land_end_11

  block ^land_end_11:
    %t34 = load i64 $land__3
    %t35 = convert trunc i32 i64 %t34
    store i32 %t35, $ok
    %t36 = load ptr $items
    %t37 = cmp ne ptr %t36, 0
    branch %t37, ^array_delete_nonnull_15, ^array_delete_end_16

  block ^array_delete_nonnull_15:
    %t38 = index i8 %t36, -8
    %t39 = load i64 %t38
    store i64 %t39, $array_delete_index__5
    jump ^array_delete_dtor_cond_17

  block ^array_delete_dtor_cond_17:
    %t40 = load i64 $array_delete_index__5
    %t41 = cmp ne i64 %t40, 0
    branch %t41, ^array_delete_dtor_body_18, ^array_delete_dtor_end_19

  block ^array_delete_dtor_body_18:
    %t42 = binary sub i64 %t40, 1
    store i64 %t42, $array_delete_index__5
    %t43 = binary mul i64 %t42, 4
    %t44 = index i8 %t36, %t43
    call void @Item___Item(%t44)
    jump ^array_delete_dtor_cond_17

  block ^array_delete_dtor_end_19:
    call void @operatordelete__(%t38)
    jump ^array_delete_end_16

  block ^array_delete_end_16:
    %t45 = load i32 $ok
    branch %t45, ^land_rhs_29, ^land_short_30

  block ^land_rhs_29:
    %t46 = load i32 @fail
    %t47 = cmp eq i32 %t46, 0
    %t48 = cmp ne i64 %t47, 0
    store i64 %t48, $land__9
    jump ^land_end_31

  block ^land_short_30:
    store i64 0, $land__9
    jump ^land_end_31

  block ^land_end_31:
    %t49 = load i64 $land__9
    branch %t49, ^land_rhs_26, ^land_short_27

  block ^land_rhs_26:
    %t50 = load i32 @destroyed
    %t51 = cmp eq i32 %t50, 6
    %t52 = cmp ne i64 %t51, 0
    store i64 %t52, $land__8
    jump ^land_end_28

  block ^land_short_27:
    store i64 0, $land__8
    jump ^land_end_28

  block ^land_end_28:
    %t53 = load i64 $land__8
    branch %t53, ^land_rhs_23, ^land_short_24

  block ^land_rhs_23:
    %t54 = load i32 @expected
    %t55 = cmp eq i32 %t54, 0
    %t56 = cmp ne i64 %t55, 0
    store i64 %t56, $land__7
    jump ^land_end_25

  block ^land_short_24:
    store i64 0, $land__7
    jump ^land_end_25

  block ^land_end_25:
    %t57 = load i64 $land__7
    branch %t57, ^cond_then_20, ^cond_else_21

  block ^cond_then_20:
    store i32 0, $cond__6
    jump ^cond_end_22

  block ^cond_else_21:
    store i32 1, $cond__6
    jump ^cond_end_22

  block ^cond_end_22:
    %t58 = load i32 $cond__6
    return i32 %t58
}
function @Item__Item(%this : ptr) -> void [binding=weak, object=_ZN4ItemC1Ev] {
  slot $this : ptr

  block ^entry:
    store ptr %this, $this
    %t1 = load i32 @constructed
    %t2 = binary add i32 %t1, 1
    store i32 %t2, @constructed
    %t3 = load ptr $this
    %t4 = index i8 [projection=field] %t3, 0
    store i32 %t2, %t4
    return void
}
function @Item___Item(%this : ptr) -> void [binding=weak, object=_ZN4ItemD1Ev] {
  slot $this : ptr

  block ^entry:
    store ptr %this, $this
    %t1 = load ptr $this
    %t2 = index i8 [projection=field] %t1, 0
    %t3 = load i32 %t2
    %t4 = load i32 @expected
    %t5 = cmp ne i32 %t3, %t4
    branch %t5, ^if_then_1, ^if_else_2

  block ^if_then_1:
    store i32 1, @fail
    jump ^if_end_3

  block ^if_else_2:
    jump ^if_end_3

  block ^if_end_3:
    %t6 = load i32 @expected
    %t7 = binary sub i32 %t6, 1
    store i32 %t7, @expected
    %t8 = load i32 @destroyed
    %t9 = load ptr $this
    %t10 = index i8 [projection=field] %t9, 0
    %t11 = load i32 %t10
    %t12 = binary add i32 %t8, %t11
    store i32 %t12, @destroyed
    return void
}
alias object _ZN4ItemC2Ev = @Item__Item
alias object _ZN4ItemD2Ev = @Item___Item
