function @f() -> u8 [binding=internal, object=_Z1fv] {
  slot $direct : obj<4x4>

  block ^entry:
    %t1 = addr $direct
    call void @Box__Box(%t1)
    %t2 = addr $direct
    %t3 = call u8 @Box__operatorbool(%t2)
    branch %t3, ^if_then_1, ^if_else_2

  block ^if_then_1:
    return u8 0

  block ^if_else_2:
    jump ^if_end_3

  block ^if_end_3:
    return u8 1
}
function @main() -> i32 [role=entry, binding=strong, keep_alias=yes] {
  slot $cond__1 : i32

  block ^entry:
    %t1 = call u8 @f()
    branch %t1, ^cond_then_1, ^cond_else_2

  block ^cond_then_1:
    store i32 0, $cond__1
    jump ^cond_end_3

  block ^cond_else_2:
    store i32 10, $cond__1
    jump ^cond_end_3

  block ^cond_end_3:
    %t2 = load i32 $cond__1
    return i32 %t2
}
function @Box__Box(%this : ptr) -> void [binding=weak, object=_ZN3BoxC1Ev] {
  slot $this : ptr

  block ^entry:
    store ptr %this, $this
    %t1 = load ptr $this
    %t2 = index i8 [projection=field] %t1, 0
    store i32 0, %t2
    return void
}
function @Box__operatorbool(%this : ptr) -> u8 [binding=weak, object=_ZNK3BoxcvbEv] {
  slot $this : ptr

  block ^entry:
    store ptr %this, $this
    %t1 = load ptr $this
    %t2 = index i8 [projection=field] %t1, 0
    %t3 = load i32 %t2
    %t4 = cmp ne i32 %t3, 0
    %t5 = convert trunc u8 i64 %t4
    return u8 %t5
}
alias object _ZN3BoxC2Ev = @Box__Box
