declare function @operatornew__(%arg0 : i64) -> ptr [effects=readwrite, role=allocate_memory, binding=strong, object=cppgm_builtin_operator_new_array]
declare function @operatordelete__(%arg0 : ptr) -> void [effects=readwrite, unwind=no, role=free_memory, binding=strong, object=cppgm_builtin_operator_delete_array]

function @main() -> i32 [role=entry, binding=strong, keep_alias=yes] {
  slot $items : ptr
  slot $array_new_index__1 : i64
  slot $ok : i32
  slot $land__2 : i64
  slot $cond__3 : i32

  block ^entry:
    %t1 = convert sext i64 i32 16
    %t2 = call ptr @operatornew__(%t1)
    %t3 = index i8 %t2, 8
    %t4 = const i64 2
    store i64 %t4, %t2
    %t5 = const i64 2
    store i64 0, $array_new_index__1
    jump ^array_new_ctor_cond_1

  block ^array_new_ctor_cond_1:
    %t6 = load i64 $array_new_index__1
    %t7 = cmp ult i64 %t6, %t5
    branch %t7, ^array_new_ctor_body_2, ^array_new_ctor_end_3

  block ^array_new_ctor_body_2:
    %t8 = binary mul i64 %t6, 4
    %t9 = index i8 %t3, %t8
    eh_try ^array_new_ctor_cleanup_4
    call void @item__item(%t9, 7)
    eh_end
    %t10 = binary add i64 %t6, 1
    store i64 %t10, $array_new_index__1
    jump ^array_new_ctor_cond_1

  block ^array_new_ctor_end_3:
    jump ^array_new_ctor_cont_5

  block ^array_new_ctor_cleanup_4:
    %t11 = load i64 $array_new_index__1
    call void @operatordelete__(%t2)
    resume

  block ^array_new_ctor_cont_5:
    store ptr %t3, $items
    %t12 = load ptr $items
    %t13 = binary mul i64 0, 4
    %t14 = index i8 [projection=array_element] %t12, %t13
    %t15 = index i8 [projection=field] %t14, 0
    %t16 = load i32 %t15
    %t17 = cmp eq i32 %t16, 7
    branch %t17, ^land_rhs_6, ^land_short_7

  block ^land_rhs_6:
    %t18 = load ptr $items
    %t19 = binary mul i64 1, 4
    %t20 = index i8 [projection=array_element] %t18, %t19
    %t21 = index i8 [projection=field] %t20, 0
    %t22 = load i32 %t21
    %t23 = cmp eq i32 %t22, 7
    %t24 = cmp ne i64 %t23, 0
    store i64 %t24, $land__2
    jump ^land_end_8

  block ^land_short_7:
    store i64 0, $land__2
    jump ^land_end_8

  block ^land_end_8:
    %t25 = load i64 $land__2
    %t26 = convert trunc i32 i64 %t25
    store i32 %t26, $ok
    %t27 = load ptr $items
    %t28 = cmp ne ptr %t27, 0
    branch %t28, ^array_delete_nonnull_9, ^array_delete_end_10

  block ^array_delete_nonnull_9:
    %t29 = index i8 %t27, -8
    %t30 = load i64 %t29
    call void @operatordelete__(%t29)
    jump ^array_delete_end_10

  block ^array_delete_end_10:
    %t31 = load i32 $ok
    branch %t31, ^cond_then_11, ^cond_else_12

  block ^cond_then_11:
    store i32 0, $cond__3
    jump ^cond_end_13

  block ^cond_else_12:
    store i32 1, $cond__3
    jump ^cond_end_13

  block ^cond_end_13:
    %t32 = load i32 $cond__3
    return i32 %t32
}
function @item__item(%this : ptr, %v : i32) -> void [binding=weak, object=_ZN4itemC1Ei] {
  slot $this : ptr
  slot $v : i32

  block ^entry:
    store ptr %this, $this
    store i32 %v, $v
    %t1 = load i32 $v
    %t2 = load ptr $this
    %t3 = index i8 [projection=field] %t2, 0
    store i32 %t1, %t3
    return void
}
alias object _ZN4itemC2Ei = @item__item
