function @f(%pattern : ptr [pass=by_address], %actual : ptr [pass=by_address]) -> u8 [unwind=no, binding=strong, object=_Z1f1SS_] {
  slot $pattern : obj<8x8>
  slot $actual : obj<8x8>
  slot $pattern_cv_inner : obj<8x8>
  slot $actual_cv_inner : obj<8x8>
  slot $pattern_base : obj<8x8>
  slot $actual_base : obj<8x8>
  slot $deduced_type : obj<8x8>
  slot $actual_cv_inner__shadow2 : obj<8x8>
  slot $pattern_cv_inner__shadow2 : obj<8x8>
  slot $cleanup_return__1 : u8

  block ^entry:
    %t1 = addr $pattern_cv_inner
    call void @S__S(%t1)
    %t2 = addr $actual_cv_inner
    call void @S__S(%t2)
    %t3 = addr $pattern_base
    call void @S__S__ov2(%t3, %pattern)
    %t4 = addr $actual_base
    call void @S__S__ov2(%t4, %actual)
    %t5 = addr $pattern_base
    %t6 = call u8 @S__operatorbool(%t5)
    branch %t6, ^if_then_1, ^if_else_2

  block ^if_then_1:
    %t7 = addr $deduced_type
    call void @S__S__ov2(%t7, %actual)
    %t8 = addr $actual_cv_inner__shadow2
    call void @S__S(%t8)
    %t9 = addr $pattern_cv_inner__shadow2
    call void @S__S(%t9)
    %t10 = addr $actual_base
    %t11 = call u8 @S__operatorbool(%t10)
    branch %t11, ^if_then_4, ^if_else_5

  block ^if_then_4:
    %t12 = addr $deduced_type
    %t13 = addr $actual_cv_inner__shadow2
    %t14 = call ptr @S__operator_(%t12, %t13)
    jump ^if_end_6

  block ^if_else_5:
    jump ^if_end_6

  block ^if_end_6:
    store u8 1, $cleanup_return__1
    jump ^return_cleanup_action_9

  block ^return_cleanup_terminal_7:
    return u8 $cleanup_return__1

  block ^return_cleanup_action_8:
    call void @S___S(%pattern)
    jump ^return_cleanup_terminal_7

  block ^return_cleanup_action_9:
    call void @S___S(%actual)
    jump ^return_cleanup_action_8

  block ^if_else_2:
    jump ^if_end_3

  block ^if_end_3:
    store u8 0, $cleanup_return__1
    jump ^return_cleanup_action_9
}
function @S___S(%this : ptr) -> void [unwind=no, binding=weak, object=_ZN1SD1Ev, object_root=yes] {
  slot $this : ptr

  block ^entry:
    store ptr %this, $this
    return void
}
function @S__S(%this : ptr) -> void [unwind=no, binding=weak, object=_ZN1SC1Ev] {
  slot $this : ptr

  block ^entry:
    store ptr %this, $this
    %t1 = load ptr $this
    %t2 = index i8 [projection=field] %t1, 0
    store ptr 0, %t2
    return void
}
function @S__S__ov2(%this : ptr, %o : ptr [pass=reference]) -> void [unwind=no, binding=weak, object=_ZN1SC1ERKS_] {
  slot $this : ptr
  slot $o : ptr

  block ^entry:
    store ptr %this, $this
    store ptr %o, $o
    %t1 = load ptr $o
    %t2 = index i8 [projection=field] %t1, 0
    %t3 = load ptr %t2
    %t4 = load ptr $this
    %t5 = index i8 [projection=field] %t4, 0
    store ptr %t3, %t5
    return void
}
function @S__operatorbool(%this : ptr) -> u8 [unwind=no, binding=weak, object=_ZNK1ScvbEv] {
  slot $this : ptr

  block ^entry:
    store ptr %this, $this
    %t1 = load ptr $this
    %t2 = index i8 [projection=field] %t1, 0
    %t3 = load ptr %t2
    %t4 = cmp ne ptr %t3, 0
    %t5 = convert trunc u8 i64 %t4
    return u8 %t5
}
function @S__operator_(%this : ptr, %o : ptr [pass=reference]) -> ptr [unwind=no, binding=weak, object=_ZN1SaSERKS_] {
  slot $this : ptr
  slot $o : ptr

  block ^entry:
    store ptr %this, $this
    store ptr %o, $o
    %t1 = load ptr $o
    %t2 = index i8 [projection=field] %t1, 0
    %t3 = load ptr %t2
    %t4 = load ptr $this
    %t5 = index i8 [projection=field] %t4, 0
    store ptr %t3, %t5
    %t6 = load ptr $this
    return ptr %t6
}
alias object _ZN1SD2Ev = @S___S
alias object _ZN1SC2Ev = @S__S
alias object _ZN1SC2ERKS_ = @S__S__ov2
