global @observed : i32 [binding=strong, object=_Z8observed] = zero

function @main() -> i32 [role=entry, binding=strong, keep_alias=yes] !dbg(course/pa37/debuginfo/driver/o3/500-source-full-unroll-debug.t, 3, 1) {
  block ^entry:
    %dbg_i__1 = copy i32 0 !dbg(course/pa37/debuginfo/driver/o3/500-source-full-unroll-debug.t, 5, 3)
    jump ^for_cond_1

  block ^for_cond_1:
    %t0 = phi i32 [^entry: %dbg_i__1, ^for_body_2: %dbg_i__2]
    %t2 = cmp lt i32 %t0, 3
    branch %t2, ^for_body_2, ^for_end_4

  block ^for_body_2:
    store volatile i32 %t0, @observed
    %t5 = binary add i32 %t0, 1 !dbg(course/pa37/debuginfo/driver/o3/500-source-full-unroll-debug.t, 5, 16)
    %dbg_i__2 = copy i32 %t5 !dbg(course/pa37/debuginfo/driver/o3/500-source-full-unroll-debug.t, 5, 3)
    jump ^for_cond_1

  block ^for_end_4:
    %t6 = load volatile i32 @observed
    %t7 = cmp eq i32 %t6, 2
    branch %t7, ^cond_then_5, ^cond_else_6

  block ^cond_then_5:
    jump ^cond_end_7

  block ^cond_else_6:
    jump ^cond_end_7

  block ^cond_end_7:
    %t9 = phi i32 [^cond_then_5: 0, ^cond_else_6: 1]
    return i32 %t9 !dbg(course/pa37/debuginfo/driver/o3/500-source-full-unroll-debug.t, 7, 3)
}
