global @sink : i64 = 0

function @too_large(%value : i64) -> i64 [unwind=no, binding=internal] {
  block ^entry:
    store i64 %value, @sink
    store i64 %value, @sink
    store i64 %value, @sink
    store i64 %value, @sink
    store i64 %value, @sink
    store i64 %value, @sink
    store i64 %value, @sink
    store i64 %value, @sink
    store i64 %value, @sink
    store i64 %value, @sink
    store i64 %value, @sink
    store i64 %value, @sink
    store i64 %value, @sink
    store i64 %value, @sink
    store i64 %value, @sink
    store i64 %value, @sink
    store i64 %value, @sink
    store i64 %value, @sink
    store i64 %value, @sink
    store i64 %value, @sink
    store i64 %value, @sink
    store i64 %value, @sink
    store i64 %value, @sink
    store i64 %value, @sink
    store i64 %value, @sink
    store i64 %value, @sink
    store i64 %value, @sink
    store i64 %value, @sink
    store i64 %value, @sink
    store i64 %value, @sink
    store i64 %value, @sink
    store i64 %value, @sink
    store i64 %value, @sink
    store i64 %value, @sink
    store i64 %value, @sink
    store i64 %value, @sink
    store i64 %value, @sink
    store i64 %value, @sink
    store i64 %value, @sink
    store i64 %value, @sink
    store i64 %value, @sink
    store i64 %value, @sink
    store i64 %value, @sink
    store i64 %value, @sink
    store i64 %value, @sink
    store i64 %value, @sink
    store i64 %value, @sink
    store i64 %value, @sink
    store i64 %value, @sink
    store i64 %value, @sink
    store i64 %value, @sink
    store i64 %value, @sink
    store i64 %value, @sink
    store i64 %value, @sink
    store i64 %value, @sink
    store i64 %value, @sink
    store i64 %value, @sink
    store i64 %value, @sink
    store i64 %value, @sink
    store i64 %value, @sink
    store i64 %value, @sink
    store i64 %value, @sink
    store i64 %value, @sink
    store i64 %value, @sink
    store i64 %value, @sink
    store i64 %value, @sink
    store i64 %value, @sink
    store i64 %value, @sink
    store i64 %value, @sink
    store i64 %value, @sink
    store i64 %value, @sink
    store i64 %value, @sink
    store i64 %value, @sink
    store i64 %value, @sink
    store i64 %value, @sink
    store i64 %value, @sink
    store i64 %value, @sink
    store i64 %value, @sink
    store i64 %value, @sink
    store i64 %value, @sink
    store i64 %value, @sink
    store i64 %value, @sink
    store i64 %value, @sink
    store i64 %value, @sink
    store i64 %value, @sink
    store i64 %value, @sink
    store i64 %value, @sink
    store i64 %value, @sink
    store i64 %value, @sink
    store i64 %value, @sink
    store i64 %value, @sink
    store i64 %value, @sink
    store i64 %value, @sink
    store i64 %value, @sink
    store i64 %value, @sink
    store i64 %value, @sink
    store i64 %value, @sink
    store i64 %value, @sink
    store i64 %value, @sink
    store i64 %value, @sink
    store i64 %value, @sink
    store i64 %value, @sink
    store i64 %value, @sink
    store i64 %value, @sink
    store i64 %value, @sink
    store i64 %value, @sink
    store i64 %value, @sink
    store i64 %value, @sink
    store i64 %value, @sink
    store i64 %value, @sink
    store i64 %value, @sink
    store i64 %value, @sink
    store i64 %value, @sink
    store i64 %value, @sink
    store i64 %value, @sink
    store i64 %value, @sink
    store i64 %value, @sink
    store i64 %value, @sink
    store i64 %value, @sink
    store i64 %value, @sink
    store i64 %value, @sink
    store i64 %value, @sink
    store i64 %value, @sink
    store i64 %value, @sink
    store i64 %value, @sink
    store i64 %value, @sink
    store i64 %value, @sink
    store i64 %value, @sink
    store i64 %value, @sink
    store i64 %value, @sink
    store i64 %value, @sink
    store i64 %value, @sink
    store i64 %value, @sink
    store i64 %value, @sink
    store i64 %value, @sink
    store i64 %value, @sink
    store i64 %value, @sink
    store i64 %value, @sink
    store i64 %value, @sink
    store i64 %value, @sink
    store i64 %value, @sink
    store i64 %value, @sink
    store i64 %value, @sink
    store i64 %value, @sink
    store i64 %value, @sink
    store i64 %value, @sink
    store i64 %value, @sink
    store i64 %value, @sink
    store i64 %value, @sink
    store i64 %value, @sink
    store i64 %value, @sink
    store i64 %value, @sink
    store i64 %value, @sink
    store i64 %value, @sink
    store i64 %value, @sink
    store i64 %value, @sink
    store i64 %value, @sink
    store i64 %value, @sink
    store i64 %value, @sink
    store i64 %value, @sink
    store i64 %value, @sink
    store i64 %value, @sink
    store i64 %value, @sink
    store i64 %value, @sink
    store i64 %value, @sink
    store i64 %value, @sink
    store i64 %value, @sink
    store i64 %value, @sink
    store i64 %value, @sink
    store i64 %value, @sink
    store i64 %value, @sink
    store i64 %value, @sink
    store i64 %value, @sink
    store i64 %value, @sink
    store i64 %value, @sink
    store i64 %value, @sink
    store i64 %value, @sink
    store i64 %value, @sink
    store i64 %value, @sink
    store i64 %value, @sink
    store i64 %value, @sink
    store i64 %value, @sink
    store i64 %value, @sink
    store i64 %value, @sink
    store i64 %value, @sink
    store i64 %value, @sink
    store i64 %value, @sink
    store i64 %value, @sink
    store i64 %value, @sink
    store i64 %value, @sink
    store i64 %value, @sink
    store i64 %value, @sink
    store i64 %value, @sink
    store i64 %value, @sink
    store i64 %value, @sink
    store i64 %value, @sink
    store i64 %value, @sink
    store i64 %value, @sink
    store i64 %value, @sink
    store i64 %value, @sink
    store i64 %value, @sink
    store i64 %value, @sink
    store i64 %value, @sink
    store i64 %value, @sink
    store i64 %value, @sink
    store i64 %value, @sink
    store i64 %value, @sink
    store i64 %value, @sink
    store i64 %value, @sink
    store i64 %value, @sink
    store i64 %value, @sink
    store i64 %value, @sink
    store i64 %value, @sink
    store i64 %value, @sink
    store i64 %value, @sink
    store i64 %value, @sink
    store i64 %value, @sink
    store i64 %value, @sink
    store i64 %value, @sink
    store i64 %value, @sink
    store i64 %value, @sink
    store i64 %value, @sink
    store i64 %value, @sink
    store i64 %value, @sink
    store i64 %value, @sink
    store i64 %value, @sink
    store i64 %value, @sink
    store i64 %value, @sink
    store i64 %value, @sink
    store i64 %value, @sink
    store i64 %value, @sink
    store i64 %value, @sink
    store i64 %value, @sink
    store i64 %value, @sink
    store i64 %value, @sink
    store i64 %value, @sink
    store i64 %value, @sink
    store i64 %value, @sink
    store i64 %value, @sink
    store i64 %value, @sink
    store i64 %value, @sink
    store i64 %value, @sink
    store i64 %value, @sink
    store i64 %value, @sink
    store i64 %value, @sink
    store i64 %value, @sink
    store i64 %value, @sink
    store i64 %value, @sink
    store i64 %value, @sink
    store i64 %value, @sink
    store i64 %value, @sink
    store i64 %value, @sink
    store i64 %value, @sink
    store i64 %value, @sink
    store i64 %value, @sink
    store i64 %value, @sink
    store i64 %value, @sink
    store i64 %value, @sink
    store i64 %value, @sink
    store i64 %value, @sink
    store i64 %value, @sink
    store i64 %value, @sink
    store i64 %value, @sink
    store i64 %value, @sink
    store i64 %value, @sink
    store i64 %value, @sink
    store i64 %value, @sink
    store i64 %value, @sink
    store i64 %value, @sink
    store i64 %value, @sink
    store i64 %value, @sink
    store i64 %value, @sink
    store i64 %value, @sink
    store i64 %value, @sink
    store i64 %value, @sink
    store i64 %value, @sink
    store i64 %value, @sink
    store i64 %value, @sink
    store i64 %value, @sink
    store i64 %value, @sink
    store i64 %value, @sink
    store i64 %value, @sink
    store i64 %value, @sink
    store i64 %value, @sink
    store i64 %value, @sink
    store i64 %value, @sink
    store i64 %value, @sink
    store i64 %value, @sink
    store i64 %value, @sink
    store i64 %value, @sink
    store i64 %value, @sink
    store i64 %value, @sink
    store i64 %value, @sink
    store i64 %value, @sink
    store i64 %value, @sink
    store i64 %value, @sink
    store i64 %value, @sink
    store i64 %value, @sink
    store i64 %value, @sink
    store i64 %value, @sink
    store i64 %value, @sink
    store i64 %value, @sink
    store i64 %value, @sink
    store i64 %value, @sink
    store i64 %value, @sink
    store i64 %value, @sink
    store i64 %value, @sink
    store i64 %value, @sink
    store i64 %value, @sink
    store i64 %value, @sink
    store i64 %value, @sink
    store i64 %value, @sink
    store i64 %value, @sink
    store i64 %value, @sink
    store i64 %value, @sink
    store i64 %value, @sink
    store i64 %value, @sink
    store i64 %value, @sink
    store i64 %value, @sink
    store i64 %value, @sink
    store i64 %value, @sink
    store i64 %value, @sink
    store i64 %value, @sink
    store i64 %value, @sink
    store i64 %value, @sink
    store i64 %value, @sink
    store i64 %value, @sink
    store i64 %value, @sink
    store i64 %value, @sink
    store i64 %value, @sink
    store i64 %value, @sink
    store i64 %value, @sink
    store i64 %value, @sink
    store i64 %value, @sink
    store i64 %value, @sink
    store i64 %value, @sink
    store i64 %value, @sink
    store i64 %value, @sink
    store i64 %value, @sink
    store i64 %value, @sink
    store i64 %value, @sink
    store i64 %value, @sink
    store i64 %value, @sink
    store i64 %value, @sink
    store i64 %value, @sink
    store i64 %value, @sink
    store i64 %value, @sink
    store i64 %value, @sink
    store i64 %value, @sink
    store i64 %value, @sink
    store i64 %value, @sink
    store i64 %value, @sink
    store i64 %value, @sink
    store i64 %value, @sink
    store i64 %value, @sink
    store i64 %value, @sink
    store i64 %value, @sink
    store i64 %value, @sink
    store i64 %value, @sink
    store i64 %value, @sink
    store i64 %value, @sink
    store i64 %value, @sink
    store i64 %value, @sink
    store i64 %value, @sink
    store i64 %value, @sink
    store i64 %value, @sink
    store i64 %value, @sink
    store i64 %value, @sink
    store i64 %value, @sink
    store i64 %value, @sink
    store i64 %value, @sink
    store i64 %value, @sink
    store i64 %value, @sink
    store i64 %value, @sink
    store i64 %value, @sink
    store i64 %value, @sink
    store i64 %value, @sink
    store i64 %value, @sink
    store i64 %value, @sink
    store i64 %value, @sink
    store i64 %value, @sink
    store i64 %value, @sink
    store i64 %value, @sink
    store i64 %value, @sink
    store i64 %value, @sink
    store i64 %value, @sink
    store i64 %value, @sink
    store i64 %value, @sink
    store i64 %value, @sink
    store i64 %value, @sink
    store i64 %value, @sink
    store i64 %value, @sink
    store i64 %value, @sink
    store i64 %value, @sink
    store i64 %value, @sink
    store i64 %value, @sink
    store i64 %value, @sink
    store i64 %value, @sink
    store i64 %value, @sink
    store i64 %value, @sink
    store i64 %value, @sink
    store i64 %value, @sink
    store i64 %value, @sink
    store i64 %value, @sink
    store i64 %value, @sink
    store i64 %value, @sink
    store i64 %value, @sink
    store i64 %value, @sink
    store i64 %value, @sink
    store i64 %value, @sink
    store i64 %value, @sink
    store i64 %value, @sink
    store i64 %value, @sink
    store i64 %value, @sink
    store i64 %value, @sink
    store i64 %value, @sink
    store i64 %value, @sink
    store i64 %value, @sink
    store i64 %value, @sink
    store i64 %value, @sink
    store i64 %value, @sink
    store i64 %value, @sink
    store i64 %value, @sink
    store i64 %value, @sink
    store i64 %value, @sink
    store i64 %value, @sink
    store i64 %value, @sink
    store i64 %value, @sink
    store i64 %value, @sink
    store i64 %value, @sink
    store i64 %value, @sink
    store i64 %value, @sink
    store i64 %value, @sink
    store i64 %value, @sink
    store i64 %value, @sink
    store i64 %value, @sink
    store i64 %value, @sink
    store i64 %value, @sink
    store i64 %value, @sink
    store i64 %value, @sink
    store i64 %value, @sink
    store i64 %value, @sink
    store i64 %value, @sink
    store i64 %value, @sink
    store i64 %value, @sink
    store i64 %value, @sink
    store i64 %value, @sink
    store i64 %value, @sink
    store i64 %value, @sink
    store i64 %value, @sink
    store i64 %value, @sink
    store i64 %value, @sink
    store i64 %value, @sink
    store i64 %value, @sink
    store i64 %value, @sink
    store i64 %value, @sink
    store i64 %value, @sink
    store i64 %value, @sink
    store i64 %value, @sink
    store i64 %value, @sink
    store i64 %value, @sink
    store i64 %value, @sink
    store i64 %value, @sink
    store i64 %value, @sink
    store i64 %value, @sink
    store i64 %value, @sink
    store i64 %value, @sink
    store i64 %value, @sink
    store i64 %value, @sink
    store i64 %value, @sink
    store i64 %value, @sink
    store i64 %value, @sink
    store i64 %value, @sink
    store i64 %value, @sink
    store i64 %value, @sink
    store i64 %value, @sink
    store i64 %value, @sink
    store i64 %value, @sink
    store i64 %value, @sink
    store i64 %value, @sink
    store i64 %value, @sink
    store i64 %value, @sink
    store i64 %value, @sink
    store i64 %value, @sink
    store i64 %value, @sink
    store i64 %value, @sink
    store i64 %value, @sink
    store i64 %value, @sink
    store i64 %value, @sink
    store i64 %value, @sink
    store i64 %value, @sink
    store i64 %value, @sink
    store i64 %value, @sink
    store i64 %value, @sink
    store i64 %value, @sink
    store i64 %value, @sink
    store i64 %value, @sink
    store i64 %value, @sink
    store i64 %value, @sink
    store i64 %value, @sink
    store i64 %value, @sink
    store i64 %value, @sink
    store i64 %value, @sink
    store i64 %value, @sink
    store i64 %value, @sink
    store i64 %value, @sink
    store i64 %value, @sink
    store i64 %value, @sink
    store i64 %value, @sink
    store i64 %value, @sink
    store i64 %value, @sink
    store i64 %value, @sink
    return i64 %value
}
function @main(%value : i64) -> i64 [role=entry] {
  block ^entry:
    store i64 %value, @sink
    store i64 %value, @sink
    store i64 %value, @sink
    store i64 %value, @sink
    store i64 %value, @sink
    store i64 %value, @sink
    store i64 %value, @sink
    store i64 %value, @sink
    store i64 %value, @sink
    store i64 %value, @sink
    store i64 %value, @sink
    store i64 %value, @sink
    store i64 %value, @sink
    store i64 %value, @sink
    store i64 %value, @sink
    store i64 %value, @sink
    store i64 %value, @sink
    store i64 %value, @sink
    store i64 %value, @sink
    store i64 %value, @sink
    store i64 %value, @sink
    store i64 %value, @sink
    store i64 %value, @sink
    store i64 %value, @sink
    store i64 %value, @sink
    store i64 %value, @sink
    store i64 %value, @sink
    store i64 %value, @sink
    store i64 %value, @sink
    store i64 %value, @sink
    store i64 %value, @sink
    store i64 %value, @sink
    store i64 %value, @sink
    store i64 %value, @sink
    store i64 %value, @sink
    store i64 %value, @sink
    store i64 %value, @sink
    store i64 %value, @sink
    store i64 %value, @sink
    store i64 %value, @sink
    store i64 %value, @sink
    store i64 %value, @sink
    store i64 %value, @sink
    store i64 %value, @sink
    store i64 %value, @sink
    store i64 %value, @sink
    store i64 %value, @sink
    store i64 %value, @sink
    store i64 %value, @sink
    store i64 %value, @sink
    store i64 %value, @sink
    store i64 %value, @sink
    store i64 %value, @sink
    store i64 %value, @sink
    store i64 %value, @sink
    store i64 %value, @sink
    store i64 %value, @sink
    store i64 %value, @sink
    store i64 %value, @sink
    store i64 %value, @sink
    store i64 %value, @sink
    store i64 %value, @sink
    store i64 %value, @sink
    store i64 %value, @sink
    store i64 %value, @sink
    store i64 %value, @sink
    store i64 %value, @sink
    store i64 %value, @sink
    store i64 %value, @sink
    store i64 %value, @sink
    store i64 %value, @sink
    store i64 %value, @sink
    store i64 %value, @sink
    store i64 %value, @sink
    store i64 %value, @sink
    store i64 %value, @sink
    store i64 %value, @sink
    store i64 %value, @sink
    store i64 %value, @sink
    store i64 %value, @sink
    store i64 %value, @sink
    store i64 %value, @sink
    store i64 %value, @sink
    store i64 %value, @sink
    store i64 %value, @sink
    store i64 %value, @sink
    store i64 %value, @sink
    store i64 %value, @sink
    store i64 %value, @sink
    store i64 %value, @sink
    store i64 %value, @sink
    store i64 %value, @sink
    store i64 %value, @sink
    store i64 %value, @sink
    store i64 %value, @sink
    store i64 %value, @sink
    store i64 %value, @sink
    store i64 %value, @sink
    store i64 %value, @sink
    store i64 %value, @sink
    store i64 %value, @sink
    store i64 %value, @sink
    store i64 %value, @sink
    store i64 %value, @sink
    store i64 %value, @sink
    store i64 %value, @sink
    store i64 %value, @sink
    store i64 %value, @sink
    store i64 %value, @sink
    store i64 %value, @sink
    store i64 %value, @sink
    store i64 %value, @sink
    store i64 %value, @sink
    store i64 %value, @sink
    store i64 %value, @sink
    store i64 %value, @sink
    store i64 %value, @sink
    store i64 %value, @sink
    store i64 %value, @sink
    store i64 %value, @sink
    store i64 %value, @sink
    store i64 %value, @sink
    store i64 %value, @sink
    store i64 %value, @sink
    store i64 %value, @sink
    store i64 %value, @sink
    store i64 %value, @sink
    store i64 %value, @sink
    store i64 %value, @sink
    store i64 %value, @sink
    store i64 %value, @sink
    store i64 %value, @sink
    store i64 %value, @sink
    store i64 %value, @sink
    store i64 %value, @sink
    store i64 %value, @sink
    store i64 %value, @sink
    store i64 %value, @sink
    store i64 %value, @sink
    store i64 %value, @sink
    store i64 %value, @sink
    store i64 %value, @sink
    store i64 %value, @sink
    store i64 %value, @sink
    store i64 %value, @sink
    store i64 %value, @sink
    store i64 %value, @sink
    store i64 %value, @sink
    store i64 %value, @sink
    store i64 %value, @sink
    store i64 %value, @sink
    store i64 %value, @sink
    store i64 %value, @sink
    store i64 %value, @sink
    store i64 %value, @sink
    store i64 %value, @sink
    store i64 %value, @sink
    store i64 %value, @sink
    store i64 %value, @sink
    store i64 %value, @sink
    store i64 %value, @sink
    store i64 %value, @sink
    store i64 %value, @sink
    store i64 %value, @sink
    store i64 %value, @sink
    store i64 %value, @sink
    store i64 %value, @sink
    store i64 %value, @sink
    store i64 %value, @sink
    store i64 %value, @sink
    store i64 %value, @sink
    store i64 %value, @sink
    store i64 %value, @sink
    store i64 %value, @sink
    store i64 %value, @sink
    store i64 %value, @sink
    store i64 %value, @sink
    store i64 %value, @sink
    store i64 %value, @sink
    store i64 %value, @sink
    store i64 %value, @sink
    store i64 %value, @sink
    store i64 %value, @sink
    store i64 %value, @sink
    store i64 %value, @sink
    store i64 %value, @sink
    store i64 %value, @sink
    store i64 %value, @sink
    store i64 %value, @sink
    store i64 %value, @sink
    store i64 %value, @sink
    store i64 %value, @sink
    store i64 %value, @sink
    store i64 %value, @sink
    store i64 %value, @sink
    store i64 %value, @sink
    store i64 %value, @sink
    store i64 %value, @sink
    store i64 %value, @sink
    store i64 %value, @sink
    store i64 %value, @sink
    store i64 %value, @sink
    store i64 %value, @sink
    store i64 %value, @sink
    store i64 %value, @sink
    store i64 %value, @sink
    store i64 %value, @sink
    store i64 %value, @sink
    store i64 %value, @sink
    store i64 %value, @sink
    store i64 %value, @sink
    store i64 %value, @sink
    store i64 %value, @sink
    store i64 %value, @sink
    store i64 %value, @sink
    store i64 %value, @sink
    store i64 %value, @sink
    store i64 %value, @sink
    store i64 %value, @sink
    store i64 %value, @sink
    store i64 %value, @sink
    store i64 %value, @sink
    store i64 %value, @sink
    store i64 %value, @sink
    store i64 %value, @sink
    store i64 %value, @sink
    store i64 %value, @sink
    store i64 %value, @sink
    store i64 %value, @sink
    store i64 %value, @sink
    store i64 %value, @sink
    store i64 %value, @sink
    store i64 %value, @sink
    store i64 %value, @sink
    store i64 %value, @sink
    store i64 %value, @sink
    store i64 %value, @sink
    store i64 %value, @sink
    store i64 %value, @sink
    store i64 %value, @sink
    store i64 %value, @sink
    store i64 %value, @sink
    store i64 %value, @sink
    store i64 %value, @sink
    store i64 %value, @sink
    store i64 %value, @sink
    store i64 %value, @sink
    store i64 %value, @sink
    store i64 %value, @sink
    store i64 %value, @sink
    store i64 %value, @sink
    store i64 %value, @sink
    store i64 %value, @sink
    store i64 %value, @sink
    store i64 %value, @sink
    store i64 %value, @sink
    store i64 %value, @sink
    store i64 %value, @sink
    store i64 %value, @sink
    store i64 %value, @sink
    store i64 %value, @sink
    store i64 %value, @sink
    store i64 %value, @sink
    store i64 %value, @sink
    store i64 %value, @sink
    store i64 %value, @sink
    store i64 %value, @sink
    store i64 %value, @sink
    store i64 %value, @sink
    store i64 %value, @sink
    store i64 %value, @sink
    store i64 %value, @sink
    store i64 %value, @sink
    store i64 %value, @sink
    store i64 %value, @sink
    store i64 %value, @sink
    store i64 %value, @sink
    store i64 %value, @sink
    store i64 %value, @sink
    store i64 %value, @sink
    store i64 %value, @sink
    store i64 %value, @sink
    store i64 %value, @sink
    store i64 %value, @sink
    store i64 %value, @sink
    store i64 %value, @sink
    store i64 %value, @sink
    store i64 %value, @sink
    store i64 %value, @sink
    store i64 %value, @sink
    store i64 %value, @sink
    store i64 %value, @sink
    store i64 %value, @sink
    store i64 %value, @sink
    store i64 %value, @sink
    store i64 %value, @sink
    store i64 %value, @sink
    store i64 %value, @sink
    store i64 %value, @sink
    store i64 %value, @sink
    store i64 %value, @sink
    store i64 %value, @sink
    store i64 %value, @sink
    store i64 %value, @sink
    store i64 %value, @sink
    store i64 %value, @sink
    store i64 %value, @sink
    store i64 %value, @sink
    store i64 %value, @sink
    store i64 %value, @sink
    store i64 %value, @sink
    store i64 %value, @sink
    store i64 %value, @sink
    store i64 %value, @sink
    store i64 %value, @sink
    store i64 %value, @sink
    store i64 %value, @sink
    store i64 %value, @sink
    store i64 %value, @sink
    store i64 %value, @sink
    store i64 %value, @sink
    store i64 %value, @sink
    store i64 %value, @sink
    store i64 %value, @sink
    store i64 %value, @sink
    store i64 %value, @sink
    store i64 %value, @sink
    store i64 %value, @sink
    store i64 %value, @sink
    store i64 %value, @sink
    store i64 %value, @sink
    store i64 %value, @sink
    store i64 %value, @sink
    store i64 %value, @sink
    store i64 %value, @sink
    store i64 %value, @sink
    store i64 %value, @sink
    store i64 %value, @sink
    store i64 %value, @sink
    store i64 %value, @sink
    store i64 %value, @sink
    store i64 %value, @sink
    store i64 %value, @sink
    store i64 %value, @sink
    store i64 %value, @sink
    store i64 %value, @sink
    store i64 %value, @sink
    store i64 %value, @sink
    store i64 %value, @sink
    store i64 %value, @sink
    store i64 %value, @sink
    store i64 %value, @sink
    store i64 %value, @sink
    store i64 %value, @sink
    store i64 %value, @sink
    store i64 %value, @sink
    store i64 %value, @sink
    store i64 %value, @sink
    store i64 %value, @sink
    store i64 %value, @sink
    store i64 %value, @sink
    store i64 %value, @sink
    store i64 %value, @sink
    store i64 %value, @sink
    store i64 %value, @sink
    store i64 %value, @sink
    store i64 %value, @sink
    store i64 %value, @sink
    store i64 %value, @sink
    store i64 %value, @sink
    store i64 %value, @sink
    store i64 %value, @sink
    store i64 %value, @sink
    store i64 %value, @sink
    store i64 %value, @sink
    store i64 %value, @sink
    store i64 %value, @sink
    store i64 %value, @sink
    store i64 %value, @sink
    store i64 %value, @sink
    store i64 %value, @sink
    store i64 %value, @sink
    store i64 %value, @sink
    store i64 %value, @sink
    store i64 %value, @sink
    store i64 %value, @sink
    store i64 %value, @sink
    store i64 %value, @sink
    store i64 %value, @sink
    store i64 %value, @sink
    store i64 %value, @sink
    store i64 %value, @sink
    store i64 %value, @sink
    store i64 %value, @sink
    store i64 %value, @sink
    store i64 %value, @sink
    store i64 %value, @sink
    store i64 %value, @sink
    store i64 %value, @sink
    store i64 %value, @sink
    store i64 %value, @sink
    store i64 %value, @sink
    store i64 %value, @sink
    store i64 %value, @sink
    store i64 %value, @sink
    store i64 %value, @sink
    store i64 %value, @sink
    store i64 %value, @sink
    store i64 %value, @sink
    store i64 %value, @sink
    store i64 %value, @sink
    store i64 %value, @sink
    store i64 %value, @sink
    store i64 %value, @sink
    store i64 %value, @sink
    store i64 %value, @sink
    store i64 %value, @sink
    store i64 %value, @sink
    store i64 %value, @sink
    store i64 %value, @sink
    store i64 %value, @sink
    store i64 %value, @sink
    store i64 %value, @sink
    store i64 %value, @sink
    store i64 %value, @sink
    store i64 %value, @sink
    store i64 %value, @sink
    store i64 %value, @sink
    store i64 %value, @sink
    store i64 %value, @sink
    store i64 %value, @sink
    store i64 %value, @sink
    store i64 %value, @sink
    store i64 %value, @sink
    store i64 %value, @sink
    store i64 %value, @sink
    store i64 %value, @sink
    store i64 %value, @sink
    store i64 %value, @sink
    store i64 %value, @sink
    store i64 %value, @sink
    store i64 %value, @sink
    store i64 %value, @sink
    store i64 %value, @sink
    store i64 %value, @sink
    store i64 %value, @sink
    store i64 %value, @sink
    store i64 %value, @sink
    store i64 %value, @sink
    store i64 %value, @sink
    store i64 %value, @sink
    store i64 %value, @sink
    store i64 %value, @sink
    store i64 %value, @sink
    store i64 %value, @sink
    store i64 %value, @sink
    store i64 %value, @sink
    store i64 %value, @sink
    store i64 %value, @sink
    store i64 %value, @sink
    store i64 %value, @sink
    store i64 %value, @sink
    store i64 %value, @sink
    store i64 %value, @sink
    store i64 %value, @sink
    store i64 %value, @sink
    store i64 %value, @sink
    store i64 %value, @sink
    store i64 %value, @sink
    store i64 %value, @sink
    store i64 %value, @sink
    store i64 %value, @sink
    store i64 %value, @sink
    store i64 %value, @sink
    store i64 %value, @sink
    store i64 %value, @sink
    store i64 %value, @sink
    store i64 %value, @sink
    store i64 %value, @sink
    store i64 %value, @sink
    store i64 %value, @sink
    store i64 %value, @sink
    store i64 %value, @sink
    store i64 %value, @sink
    store i64 %value, @sink
    store i64 %value, @sink
    store i64 %value, @sink
    store i64 %value, @sink
    store i64 %value, @sink
    store i64 %value, @sink
    store i64 %value, @sink
    store i64 %value, @sink
    store i64 %value, @sink
    store i64 %value, @sink
    store i64 %value, @sink
    store i64 %value, @sink
    store i64 %value, @sink
    store i64 %value, @sink
    store i64 %value, @sink
    store i64 %value, @sink
    store i64 %value, @sink
    store i64 %value, @sink
    store i64 %value, @sink
    store i64 %value, @sink
    store i64 %value, @sink
    store i64 %value, @sink
    store i64 %value, @sink
    store i64 %value, @sink
    store i64 %value, @sink
    store i64 %value, @sink
    store i64 %value, @sink
    %result = call i64 @too_large(%value)
    return i64 %result
}
