declare function @observe(%value : i64) -> void [unwind=no]

function @preferred(%value : i64) -> void [binding=strong, inline_hint=yes] {
  block ^entry:
    call void @observe(%value)
    call void @observe(%value)
    call void @observe(%value)
    call void @observe(%value)
    call void @observe(%value)
    call void @observe(%value)
    call void @observe(%value)
    call void @observe(%value)
    call void @observe(%value)
    call void @observe(%value)
    call void @observe(%value)
    call void @observe(%value)
    call void @observe(%value)
    call void @observe(%value)
    call void @observe(%value)
    call void @observe(%value)
    call void @observe(%value)
    call void @observe(%value)
    call void @observe(%value)
    call void @observe(%value)
    call void @observe(%value)
    call void @observe(%value)
    call void @observe(%value)
    return void
}
function @blocked(%value : i64) -> void [binding=strong, inline_hint=yes, no_inline=yes] {
  block ^entry:
    call void @observe(%value)
    return void
}
function @over_cap(%value : i64) -> void [binding=strong, inline_hint=yes] {
  block ^entry:
    call void @observe(%value)
    call void @observe(%value)
    call void @observe(%value)
    call void @observe(%value)
    call void @observe(%value)
    call void @observe(%value)
    call void @observe(%value)
    call void @observe(%value)
    call void @observe(%value)
    call void @observe(%value)
    call void @observe(%value)
    call void @observe(%value)
    call void @observe(%value)
    call void @observe(%value)
    call void @observe(%value)
    call void @observe(%value)
    call void @observe(%value)
    call void @observe(%value)
    call void @observe(%value)
    call void @observe(%value)
    call void @observe(%value)
    call void @observe(%value)
    call void @observe(%value)
    call void @observe(%value)
    return void
}
function @main(%value : i64) -> void [role=entry] {
  block ^entry:
    call void @observe(%value)
    call void @observe(%value)
    call void @observe(%value)
    call void @observe(%value)
    call void @observe(%value)
    call void @observe(%value)
    call void @observe(%value)
    call void @observe(%value)
    call void @observe(%value)
    call void @observe(%value)
    call void @observe(%value)
    call void @observe(%value)
    call void @observe(%value)
    call void @observe(%value)
    call void @observe(%value)
    call void @observe(%value)
    call void @observe(%value)
    call void @observe(%value)
    call void @observe(%value)
    call void @observe(%value)
    call void @observe(%value)
    call void @observe(%value)
    call void @observe(%value)
    call void @blocked(%value)
    call void @over_cap(%value)
    return void
}
