start:
	move64 bp sp;
	call fn__main;
	syscall1 t64 60 x64;

fn__main:
	isub64 sp sp 8;
	move64 [sp] bp;
	move64 bp sp;
	isub64 sp sp 136;
fn__main__entry:
	move64 x64 g__counter;
	move64 [bp-8] x64;
	move64 x64 5;
	move64 [bp-16] x64;
	move64 y64 [bp-8];
	move64 x64 [y64];
	move64 z64 [bp-16];
	iadd64 x64 x64 z64;
	move64 [y64] x64;
	move64 [bp-24] x64;
	move64 y64 [bp-8];
	move64 x64 [y64];
	move64 [bp-32] x64;
	move64 x64 12;
	move64 [bp-40] x64;
	move64 y64 [bp-24];
	move64 x64 [bp-40];
	ine64 z8 y64 x64;
	move64 x64 0;
	move8 x8 z8;
	move64 [bp-48] x64;
	move64 y64 [bp-32];
	move64 x64 [bp-40];
	ine64 z8 y64 x64;
	move64 x64 0;
	move8 x8 z8;
	move64 [bp-56] x64;
	move64 y64 0;
	move8 y8 [bp-48];
	move64 x64 0;
	move8 x8 [bp-56];
	or8 x8 y8 x8;
	move8 [bp-64] x8;
	move64 x64 0;
	move8 x8 [bp-64];
	move64 [bp-72] x64;
	move64 x64 [bp-72];
	jump fn__main__epilogue;
fn__main__epilogue:
	move64 sp bp;
	move64 bp [sp];
	iadd64 sp sp 8;
	ret;

g__counter:
	data64 7;

