global @__local_static__next_id__decl0__id : i32 [binding=internal] = 0

function @next_id() -> i32 [binding=strong, object=_Z7next_idv] {
  block ^entry:
    %t1 = load i32 @__local_static__next_id__decl0__id
    %t2 = binary add i32 %t1, 1
    store i32 %t2, @__local_static__next_id__decl0__id
    %t3 = load i32 @__local_static__next_id__decl0__id
    return i32 %t3
}
function @main() -> i32 [role=entry, binding=strong, keep_alias=yes] {
  slot $a : i32
  slot $b : i32
  slot $cond__1 : i32
  slot $land__2 : i64

  block ^entry:
    %t1 = call i32 @next_id()
    store i32 %t1, $a
    %t2 = call i32 @next_id()
    store i32 %t2, $b
    %t3 = load i32 $a
    %t4 = cmp eq i32 %t3, 1
    branch %t4, ^land_rhs_4, ^land_short_5

  block ^land_rhs_4:
    %t5 = load i32 $b
    %t6 = cmp eq i32 %t5, 2
    %t7 = cmp ne i64 %t6, 0
    store i64 %t7, $land__2
    jump ^land_end_6

  block ^land_short_5:
    store i64 0, $land__2
    jump ^land_end_6

  block ^land_end_6:
    %t8 = load i64 $land__2
    branch %t8, ^cond_then_1, ^cond_else_2

  block ^cond_then_1:
    store i32 0, $cond__1
    jump ^cond_end_3

  block ^cond_else_2:
    store i32 7, $cond__1
    jump ^cond_end_3

  block ^cond_end_3:
    %t9 = load i32 $cond__1
    return i32 %t9
}
