global @source__default_policy : i32 [binding=internal, object=_ZN6source14default_policyE] = 1

function @main() -> i32 [role=entry, binding=strong, keep_alias=yes] {
  block ^entry:
    %t1 = const i64 1
    %t2 = convert sext i64 i32 0
    %t3 = cmp eq i64 %t1, %t2
    %t4 = convert trunc i32 i64 %t3
    return i32 %t4
}
