declare global @__external_rtti_vtable____class_type_info [binding=strong, object=_ZTVN10__cxxabiv117__class_type_infoE]
declare global @__external_rtti_vtable____vmi_class_type_info [binding=strong, object=_ZTVN10__cxxabiv121__vmi_class_type_infoE]

global @__typeinfo_name__class_YB [storage=readonly, binding=weak, object=_ZTS2YB] = {
  i8 50
  i8 89
  i8 66
  i8 0
}
global @__rtti_class_YB [storage=readonly, binding=weak, object=_ZTI2YB] = {
  ptr addr @__external_rtti_vtable____class_type_info + 16
  ptr addr @__typeinfo_name__class_YB
}
global @YB__vtable [storage=readonly, binding=weak, object=_ZTV2YB] = {
  i64 0
  ptr addr @__rtti_class_YB
  ptr addr @YB__g
}
global @__typeinfo_name__class_YD [storage=readonly, binding=weak, object=_ZTS2YD] = {
  i8 50
  i8 89
  i8 68
  i8 0
}
global @__typeinfo_name__class_YA [storage=readonly, binding=weak, object=_ZTS2YA] = {
  i8 50
  i8 89
  i8 65
  i8 0
}
global @__rtti_class_YA [storage=readonly, binding=weak, object=_ZTI2YA] = {
  ptr addr @__external_rtti_vtable____class_type_info + 16
  ptr addr @__typeinfo_name__class_YA
}
global @__rtti_class_YD [storage=readonly, binding=weak, object=_ZTI2YD] = {
  ptr addr @__external_rtti_vtable____vmi_class_type_info + 16
  ptr addr @__typeinfo_name__class_YD
  i32 0
  i32 2
  ptr addr @__rtti_class_YA
  i64 2
  ptr addr @__rtti_class_YB
  i64 2050
}
global @YD__vtable [storage=readonly, binding=weak, object=_ZTV2YD] = {
  i64 0
  ptr addr @__rtti_class_YD
  ptr addr @YA__f
  ptr addr @YD__g
}
global @YD____view__YB__8__vtable [storage=readonly, binding=weak, object=@YD____view__YB__8__vtable] = {
  i64 -8
  ptr addr @__rtti_class_YD
  ptr addr @_YD__g__vtable_return_adjust__this_neg8__return_pos0
}
global @YA__vtable [storage=readonly, binding=weak, object=_ZTV2YA] = {
  i64 0
  ptr addr @__rtti_class_YA
  ptr addr @YA__f
}

function @call(%b : ptr [pass=reference]) -> i32 [binding=strong, object=_Z4callR2YB] {
  slot $b : ptr

  block ^entry:
    store ptr %b, $b
    %t1 = load ptr $b
    %t2 = load ptr %t1
    %t3 = load ptr %t2
    %t4 = call i32 %t3(%t1) as (%arg0 : ptr) -> i32
    return i32 %t4
}
function @main() -> i32 [role=entry, binding=strong, keep_alias=yes] {
  slot $d : obj<16x8>

  block ^entry:
    %t1 = addr $d
    call void @YD__YD(%t1)
    %t2 = addr $d
    %t3 = index i8 [projection=base_subobject] %t2, 8
    %t4 = call i32 @call(%t3)
    return i32 %t4
}
function @YB__g(%this : ptr) -> i32 [binding=weak, object=_ZN2YB1gEv] {
  slot $this : ptr

  block ^entry:
    store ptr %this, $this
    return i32 2
}
function @YD__YD(%this : ptr) -> void [unwind=no, binding=weak, object=_ZN2YDC1Ev] {
  slot $this : ptr

  block ^entry:
    store ptr %this, $this
    %t1 = load ptr $this
    %t2 = index i8 [projection=base_subobject] %t1, 0
    call void @YA__YA__base_entry(%t2)
    %t3 = load ptr $this
    %t4 = index i8 [projection=base_subobject] %t3, 8
    call void @YB__YB__base_entry(%t4)
    %t5 = load ptr $this
    %t6 = addr @YD__vtable
    %t7 = index i8 %t6, 16
    store ptr %t7, %t5
    %t8 = load ptr $this
    %t9 = index i8 [projection=base_subobject] %t8, 8
    %t10 = addr @YD____view__YB__8__vtable
    %t11 = index i8 %t10, 16
    store ptr %t11, %t9
    return void
}
function @YD__g(%this : ptr) -> i32 [binding=weak, object=_ZN2YD1gEv] {
  slot $this : ptr

  block ^entry:
    store ptr %this, $this
    return i32 4
}
function @YA__f(%this : ptr) -> i32 [binding=weak, object=_ZN2YA1fEv] {
  slot $this : ptr

  block ^entry:
    store ptr %this, $this
    return i32 1
}
function @YA__YA__base_entry(%this : ptr) -> void [unwind=no, binding=weak, object=_ZN2YAC2Ev] {
  slot $this : ptr

  block ^entry:
    store ptr %this, $this
    %t1 = load ptr $this
    %t2 = addr @YA__vtable
    %t3 = index i8 %t2, 16
    store ptr %t3, %t1
    return void
}
function @YB__YB__base_entry(%this : ptr) -> void [unwind=no, binding=weak, object=_ZN2YBC2Ev] {
  slot $this : ptr

  block ^entry:
    store ptr %this, $this
    %t1 = load ptr $this
    %t2 = addr @YB__vtable
    %t3 = index i8 %t2, 16
    store ptr %t3, %t1
    return void
}
function @_YD__g__vtable_return_adjust__this_neg8__return_pos0(%arg0 : ptr) -> i32 [binding=weak, object=_ZThn8_N2YD1gEv] {
  block ^entry:
    %t1 = index i8 %arg0, -8
    %t2 = call i32 @YD__g(%t1)
    return i32 %t2
}
alias object _ZN2YDC2Ev = @YD__YD
