declare global @__external_rtti_vtable____class_type_info [binding=strong, object=_ZTVN10__cxxabiv117__class_type_infoE]
declare global @__external_rtti_vtable____vmi_class_type_info [binding=strong, object=_ZTVN10__cxxabiv121__vmi_class_type_infoE]
declare function @__cxa_pure_virtual(%arg0 : ptr) -> obj<4x4> [effects=readnone, unwind=no, return=noreturn, binding=strong]

global @__typeinfo_name__struct_D [storage=readonly, binding=weak, object=_ZTS1D] = {
  i8 49
  i8 68
  i8 0
}
global @__typeinfo_name__struct_B1 [storage=readonly, binding=weak, object=_ZTS2B1] = {
  i8 50
  i8 66
  i8 49
  i8 0
}
global @__rtti_struct_B1 [storage=readonly, binding=weak, object=_ZTI2B1] = {
  ptr addr @__external_rtti_vtable____class_type_info + 16
  ptr addr @__typeinfo_name__struct_B1
}
global @__typeinfo_name__struct_B2 [storage=readonly, binding=weak, object=_ZTS2B2] = {
  i8 50
  i8 66
  i8 50
  i8 0
}
global @__rtti_struct_B2 [storage=readonly, binding=weak, object=_ZTI2B2] = {
  ptr addr @__external_rtti_vtable____class_type_info + 16
  ptr addr @__typeinfo_name__struct_B2
}
global @__rtti_struct_D [storage=readonly, binding=weak, object=_ZTI1D] = {
  ptr addr @__external_rtti_vtable____vmi_class_type_info + 16
  ptr addr @__typeinfo_name__struct_D
  i32 0
  i32 2
  ptr addr @__rtti_struct_B1
  i64 2
  ptr addr @__rtti_struct_B2
  i64 2050
}
global @D__vtable [storage=readonly, binding=weak, object=_ZTV1D] = {
  i64 0
  ptr addr @__rtti_struct_D
  ptr addr @B1__anchor
  ptr addr @D__current
}
global @D____view__B2__8__vtable [storage=readonly, binding=weak, object=@D____view__B2__8__vtable] = {
  i64 -8
  ptr addr @__rtti_struct_D
  ptr addr @_D__current__vtable_return_adjust__this_neg8__return_pos0
}
global @B1__vtable [storage=readonly, binding=weak, object=_ZTV2B1] = {
  i64 0
  ptr addr @__rtti_struct_B1
  ptr addr @B1__anchor
}
global @B2__vtable [storage=readonly, binding=weak, object=_ZTV2B2] = {
  i64 0
  ptr addr @__rtti_struct_B2
  ptr addr @__cxa_pure_virtual
}

function @main() -> i32 [role=entry, binding=strong, keep_alias=yes] {
  slot $d : obj<16x8>
  slot $b : ptr
  slot $tmpobj__1 : obj<4x4>

  block ^entry:
    %t1 = addr $d
    call void @D__D(%t1)
    %t2 = addr $d
    %t3 = index i8 [projection=base_subobject] %t2, 8
    store ptr %t3, $b
    %t4 = addr $tmpobj__1
    %t5 = load ptr $b
    %t6 = load ptr %t5
    %t7 = load ptr %t6
    %t8 = call obj<4x4> %t7(%t5) as (%arg0 : ptr) -> obj<4x4>
    copyobj 4x4 %t8, %t4
    %t9 = index i8 [projection=field] %t4, 0
    %t10 = load i32 %t9
    %t11 = binary sub i32 %t10, 7
    return i32 %t11
}
function @D__D(%this : ptr) -> void [unwind=no, binding=weak, object=_ZN1DC1Ev] {
  slot $this : ptr

  block ^entry:
    store ptr %this, $this
    %t1 = load ptr $this
    %t2 = index i8 [projection=base_subobject] %t1, 0
    call void @B1__B1__base_entry(%t2)
    %t3 = load ptr $this
    %t4 = index i8 [projection=base_subobject] %t3, 8
    call void @B2__B2__base_entry(%t4)
    %t5 = load ptr $this
    %t6 = addr @D__vtable
    %t7 = index i8 %t6, 16
    store ptr %t7, %t5
    %t8 = load ptr $this
    %t9 = index i8 [projection=base_subobject] %t8, 8
    %t10 = addr @D____view__B2__8__vtable
    %t11 = index i8 %t10, 16
    store ptr %t11, %t9
    return void
}
function @D__current(%this : ptr) -> obj<4x4> [binding=weak, object=_ZNK1D7currentEv] {
  slot $this : ptr
  slot $out : obj<4x4>
  slot $retobj__1 : obj<4x4>

  block ^entry:
    store ptr %this, $this
    %t1 = addr $out
    %t2 = addr $out
    %t3 = index i8 [projection=field] %t2, 0
    store i32 7, %t3
    %t4 = addr $retobj__1
    %t5 = addr $out
    copyobj 4x4 %t5, %t4
    return obj<4x4> $retobj__1
}
function @B1__anchor(%this : ptr) -> void [binding=weak, object=_ZN2B16anchorEv] {
  slot $this : ptr

  block ^entry:
    store ptr %this, $this
    return void
}
function @B1__B1__base_entry(%this : ptr) -> void [unwind=no, binding=weak, object=_ZN2B1C2Ev] {
  slot $this : ptr

  block ^entry:
    store ptr %this, $this
    %t1 = load ptr $this
    %t2 = addr @B1__vtable
    %t3 = index i8 %t2, 16
    store ptr %t3, %t1
    return void
}
function @B2__B2__base_entry(%this : ptr) -> void [unwind=no, binding=weak, object=_ZN2B2C2Ev] {
  slot $this : ptr

  block ^entry:
    store ptr %this, $this
    %t1 = load ptr $this
    %t2 = addr @B2__vtable
    %t3 = index i8 %t2, 16
    store ptr %t3, %t1
    return void
}
function @_D__current__vtable_return_adjust__this_neg8__return_pos0(%arg0 : ptr) -> obj<4x4> [binding=weak, object=_ZThn8_NK1D7currentEv] {
  block ^entry:
    %t1 = index i8 %arg0, -8
    %t2 = call obj<4x4> @D__current(%t1)
    return obj<4x4> %t2
}
alias object _ZN1DC2Ev = @D__D
