declare global @__external_rtti_vtable____class_type_info [binding=strong, object=_ZTVN10__cxxabiv117__class_type_infoE]
declare global @__external_rtti_vtable____vmi_class_type_info [binding=strong, object=_ZTVN10__cxxabiv121__vmi_class_type_infoE]

global @__typeinfo_name__struct_Derived [storage=readonly, binding=weak, object=_ZTS7Derived] = {
  i8 55
  i8 68
  i8 101
  i8 114
  i8 105
  i8 118
  i8 101
  i8 100
  i8 0
}
global @__typeinfo_name__struct_Left [storage=readonly, binding=weak, object=_ZTS4Left] = {
  i8 52
  i8 76
  i8 101
  i8 102
  i8 116
  i8 0
}
global @__rtti_struct_Left [storage=readonly, binding=weak, object=_ZTI4Left] = {
  ptr addr @__external_rtti_vtable____class_type_info + 16
  ptr addr @__typeinfo_name__struct_Left
}
global @__typeinfo_name__struct_Right [storage=readonly, binding=weak, object=_ZTS5Right] = {
  i8 53
  i8 82
  i8 105
  i8 103
  i8 104
  i8 116
  i8 0
}
global @__rtti_struct_Right [storage=readonly, binding=weak, object=_ZTI5Right] = {
  ptr addr @__external_rtti_vtable____class_type_info + 16
  ptr addr @__typeinfo_name__struct_Right
}
global @__rtti_struct_Derived [storage=readonly, binding=weak, object=_ZTI7Derived] = {
  ptr addr @__external_rtti_vtable____vmi_class_type_info + 16
  ptr addr @__typeinfo_name__struct_Derived
  i32 0
  i32 2
  ptr addr @__rtti_struct_Left
  i64 2
  ptr addr @__rtti_struct_Right
  i64 2050
}
global @Derived__vtable [storage=readonly, binding=weak, object=_ZTV7Derived] = {
  i64 0
  ptr addr @__rtti_struct_Derived
  ptr addr @Derived__f
  ptr addr @Derived__g
}
global @Derived____view__Right__8__vtable [storage=readonly, binding=weak, object=@Derived____view__Right__8__vtable] = {
  i64 -8
  ptr addr @__rtti_struct_Derived
  ptr addr @_Derived__g__vtable_return_adjust__this_neg8__return_pos0
}
global @Left__vtable [storage=readonly, binding=weak, object=_ZTV4Left] = {
  i64 0
  ptr addr @__rtti_struct_Left
  ptr addr @Left__f
}
global @Right__vtable [storage=readonly, binding=weak, object=_ZTV5Right] = {
  i64 0
  ptr addr @__rtti_struct_Right
  ptr addr @Right__g
}

function @main() -> i32 [role=entry, binding=strong, keep_alias=yes] {
  slot $d : obj<16x8>

  block ^entry:
    %t1 = addr $d
    call void @Derived__Derived(%t1)
    return i32 0
}
function @Derived__Derived(%this : ptr) -> void [unwind=no, binding=weak, object=_ZN7DerivedC1Ev] {
  slot $this : ptr

  block ^entry:
    store ptr %this, $this
    %t1 = load ptr $this
    %t2 = index i8 [projection=base_subobject] %t1, 0
    call void @Left__Left__base_entry(%t2)
    %t3 = load ptr $this
    %t4 = index i8 [projection=base_subobject] %t3, 8
    call void @Right__Right__base_entry(%t4)
    %t5 = load ptr $this
    %t6 = addr @Derived__vtable
    %t7 = index i8 %t6, 16
    store ptr %t7, %t5
    %t8 = load ptr $this
    %t9 = index i8 [projection=base_subobject] %t8, 8
    %t10 = addr @Derived____view__Right__8__vtable
    %t11 = index i8 %t10, 16
    store ptr %t11, %t9
    return void
}
function @Derived__f(%this : ptr) -> i32 [binding=weak, object=_ZN7Derived1fEv] {
  slot $this : ptr

  block ^entry:
    store ptr %this, $this
    return i32 41
}
function @Derived__g(%this : ptr) -> i32 [binding=weak, object=_ZNK7Derived1gEv] {
  slot $this : ptr

  block ^entry:
    store ptr %this, $this
    return i32 17
}
function @Left__Left__base_entry(%this : ptr) -> void [unwind=no, binding=weak, object=_ZN4LeftC2Ev] {
  slot $this : ptr

  block ^entry:
    store ptr %this, $this
    %t1 = load ptr $this
    %t2 = addr @Left__vtable
    %t3 = index i8 %t2, 16
    store ptr %t3, %t1
    return void
}
function @Right__Right__base_entry(%this : ptr) -> void [unwind=no, binding=weak, object=_ZN5RightC2Ev] {
  slot $this : ptr

  block ^entry:
    store ptr %this, $this
    %t1 = load ptr $this
    %t2 = addr @Right__vtable
    %t3 = index i8 %t2, 16
    store ptr %t3, %t1
    return void
}
function @Left__f(%this : ptr) -> i32 [binding=weak, object=_ZN4Left1fEv] {
  slot $this : ptr

  block ^entry:
    store ptr %this, $this
    return i32 1
}
function @Right__g(%this : ptr) -> i32 [binding=weak, object=_ZNK5Right1gEv] {
  slot $this : ptr

  block ^entry:
    store ptr %this, $this
    return i32 2
}
function @_Derived__g__vtable_return_adjust__this_neg8__return_pos0(%arg0 : ptr) -> i32 [binding=weak, object=_ZThn8_NK7Derived1gEv] {
  block ^entry:
    %t1 = index i8 %arg0, -8
    %t2 = call i32 @Derived__g(%t1)
    return i32 %t2
}
alias object _ZN7DerivedC2Ev = @Derived__Derived
