declare function @may_throw() -> void
declare function @sink(%arg0 : ptr [pass=reference]) -> void

function @f() -> i64 {
  slot $x : obj<16x8>

  block ^entry:
    eh_try ^catch
    call void @may_throw()
    eh_end
    %late = addr $x
    call void @sink(%late)
    return i64 1

  block ^catch:
    %p = addr $x
    call void @sink(%p)
    return i64 0
}
