function @leaf(%cond : i1, %p : ptr) -> obj<8x8> {
  slot $retobj__1 : obj<8x8>

  block ^entry:
    branch %cond, ^then, ^else

  block ^then:
    %t1 = addr $retobj__1
    store ptr %p, %t1
    return obj<8x8> $retobj__1

  block ^else:
    %t2 = addr $retobj__1
    store ptr 0, %t2
    return obj<8x8> $retobj__1
}
function @caller(%cond : i1, %p : ptr, %out : ptr) -> void {
  block ^entry:
    branch %cond, ^__o1inl0__then, ^__o1inl0__else

  block ^__o1inl0__then:
    jump ^__o1inl0__cont

  block ^__o1inl0__else:
    jump ^__o1inl0__cont

  block ^__o1inl0__cont:
    %t5 = phi ptr [^__o1inl0__then: %p, ^__o1inl0__else: 0]
    store ptr %t5, %out
    return void
}
