function @main() -> i32 [role=entry, binding=strong, keep_alias=yes] {
  block ^entry:
    call void @demand(0)
    %t1 = const i64 1
    %t2 = binary sub i64 %t1, 1
    %t3 = convert trunc i32 i64 %t2
    return i32 %t3
}

function @demand(%__param0 : i32) -> void [binding=strong, object=_Z6demandIiEvi] {
  slot $__param0 : i32

  block ^entry:
    store i32 %__param0, $__param0
    return void
}
