function @logic__indeterminate(%value : obj<4x4>, %__param1 : obj<1x1>) -> u8 [binding=weak, object=_ZN5logic13indeterminateENS_7triboolENS_6markerE] {
  slot $value : obj<4x4>
  slot $__param1 : obj<1x1>

  block ^entry:
    %t1 = addr $value
    copyobj 4x4 %value, %t1
    %t2 = addr $value
    %t3 = index i8 [projection=field] %t2, 0
    %t4 = load i32 %t3
    %t5 = cmp eq i32 %t4, 2
    %t6 = convert trunc u8 i64 %t5
    return u8 %t6
}
function @logic__operator____ov2(%lhs : obj<4x4>, %__param1 : obj<4x4>) -> obj<4x4> [binding=strong, object=_ZN5logiceqENS_7triboolES0_] {
  slot $lhs : obj<4x4>
  slot $__param1 : obj<4x4>
  slot $retobj__1 : obj<4x4>

  block ^entry:
    %t1 = addr $lhs
    copyobj 4x4 %lhs, %t1
    %t2 = addr $__param1
    copyobj 4x4 %__param1, %t2
    %t3 = addr $retobj__1
    %t4 = addr $lhs
    copyobj 4x4 %t4, %t3
    return obj<4x4> $retobj__1
}
function @logic__operator____ov3(%lhs : obj<4x4>, %__param1 : u8) -> obj<4x4> [binding=strong, object=_ZN5logiceqENS_7triboolEb] {
  slot $lhs : obj<4x4>
  slot $__param1 : u8
  slot $retobj__1 : obj<4x4>

  block ^entry:
    %t1 = addr $lhs
    copyobj 4x4 %lhs, %t1
    store u8 %__param1, $__param1
    %t2 = addr $retobj__1
    %t3 = addr $lhs
    copyobj 4x4 %t3, %t2
    return obj<4x4> $retobj__1
}
function @logic__operator____ov4(%__param0 : u8, %rhs : obj<4x4>) -> obj<4x4> [binding=strong, object=_ZN5logiceqEbNS_7triboolE] {
  slot $__param0 : u8
  slot $rhs : obj<4x4>
  slot $retobj__1 : obj<4x4>

  block ^entry:
    store u8 %__param0, $__param0
    %t1 = addr $rhs
    copyobj 4x4 %rhs, %t1
    %t2 = addr $retobj__1
    %t3 = addr $rhs
    copyobj 4x4 %t3, %t2
    return obj<4x4> $retobj__1
}
function @main() -> i32 [role=entry, binding=strong, keep_alias=yes] {
  slot $value : obj<4x4>
  slot $cond__1 : i32
  slot $argobj__2 : obj<4x4>
  slot $argobj__3 : obj<1x1>

  block ^entry:
    %t1 = addr $value
    call void @logic__tribool__tribool(%t1, 0)
    %t2 = addr $argobj__2
    %t3 = addr $value
    copyobj 4x4 %t3, %t2
    %t4 = addr $argobj__3
    %t5 = call u8 @logic__indeterminate($argobj__2, $argobj__3)
    branch %t5, ^cond_then_1, ^cond_else_2

  block ^cond_then_1:
    store i32 1, $cond__1
    jump ^cond_end_3

  block ^cond_else_2:
    store i32 0, $cond__1
    jump ^cond_end_3

  block ^cond_end_3:
    %t6 = load i32 $cond__1
    return i32 %t6
}
function @logic__tribool__tribool(%this : ptr, %initial : u8) -> void [binding=weak, object=_ZN5logic7triboolC1Eb] {
  slot $this : ptr
  slot $initial : u8
  slot $cond__1 : i32

  block ^entry:
    store ptr %this, $this
    store u8 %initial, $initial
    %t1 = load u8 $initial
    branch %t1, ^cond_then_1, ^cond_else_2

  block ^cond_then_1:
    store i32 1, $cond__1
    jump ^cond_end_3

  block ^cond_else_2:
    store i32 0, $cond__1
    jump ^cond_end_3

  block ^cond_end_3:
    %t2 = load i32 $cond__1
    %t3 = load ptr $this
    %t4 = index i8 [projection=field] %t3, 0
    store i32 %t2, %t4
    return void
}
alias object _ZN5logic7triboolC2Eb = @logic__tribool__tribool
