declare global @__external_rtti_vtable____pointer_type_info [role=rtti_data, binding=strong, object=_ZTVN10__cxxabiv119__pointer_type_infoE]
declare global @__external_rtti_vtable____function_type_info [role=rtti_data, binding=strong, object=_ZTVN10__cxxabiv120__function_type_infoE]

declare function @__external_runtime____cxa_allocate_exception(%arg0 : i64) -> ptr [role=eh_allocate_exception, linkage=c, binding=strong, object=__cxa_allocate_exception]
declare function @__external_runtime____cxa_begin_catch(%arg0 : ptr) -> ptr [role=eh_begin_catch, linkage=c, binding=strong, object=__cxa_begin_catch]
declare function @__external_runtime____cxa_end_catch() -> void [role=eh_end_catch, linkage=c, binding=strong, object=__cxa_end_catch]
declare function @__external_runtime____cxa_throw(%arg0 : ptr, %arg1 : ptr, %arg2 : ptr) -> void [return=noreturn, role=eh_throw, linkage=c, binding=strong, object=__cxa_throw]

global @__typeinfo_name_type_FvvE [binding=weak, object=_ZTSFvvE] = {
  i8 70
  i8 118
  i8 118
  i8 69
  i8 0
}
global @__rtti_type_FvvE [binding=weak, object=_ZTIFvvE] = {
  ptr addr @__external_rtti_vtable____function_type_info + 16
  ptr addr @__typeinfo_name_type_FvvE
}
global @__typeinfo_name_type_PFvvE [binding=weak, object=_ZTSPFvvE] = {
  i8 80
  i8 70
  i8 118
  i8 118
  i8 69
  i8 0
}
global @__rtti_type_PFvvE [binding=weak, object=_ZTIPFvvE] = {
  ptr addr @__external_rtti_vtable____pointer_type_info + 16
  ptr addr @__typeinfo_name_type_PFvvE
  i32 0
  ptr addr @__rtti_type_FvvE
}
global @__ehobj_type_PFvvE [binding=internal, object=@__ehobj_type_PFvvE] = {
  zero 8
}
global @called : i32 [binding=strong, object=_Z6called] = zero

function @f() -> void [binding=strong, object=_Z1fv] {
  block ^entry:
    store i32 1, @called
    return void
}
function @main() -> i32 [role=entry, binding=strong, keep_alias=yes] {
  slot $catch__1 : ptr
  slot $p : ptr

  block ^entry:
    eh_try ^catch_dispatch_1
    %t1 = call ptr @__external_runtime____cxa_allocate_exception(8)
    %t2 = addr @f
    %t3 = unary decay ptr %t2
    store ptr %t3, %t1
    %t4 = addr @__rtti_type_PFvvE
    call void @__external_runtime____cxa_throw(%t1, %t4, 0)
    eh_end
    return i32 0

  block ^catch_dispatch_1:
    eh_catch @__rtti_type_PFvvE, 1
    jump ^catch_entry_2

  block ^catch_entry_2:
    %t5 = exception ptr
    %t6 = exception_selector i32
    %t7 = cmp eq i32 %t6, 1
    branch %t7, ^catch_body_4, ^catch_next_5

  block ^catch_body_4:
    %t8 = call ptr @__external_runtime____cxa_begin_catch(%t5)
    store ptr %t8, $catch__1
    eh_cleanup ^catch_cleanup_6
    store ptr %t8, $p
    %t9 = load ptr $p
    call void %t9() as () -> void
    eh_end
    call void @__external_runtime____cxa_end_catch()
    jump ^try_end_3

  block ^catch_cleanup_6:
    call void @__external_runtime____cxa_end_catch()
    eh_end
    resume

  block ^catch_next_5:
    resume

  block ^try_end_3:
    %t10 = load i32 @called
    %t11 = cmp eq i32 %t10, 0
    %t12 = convert trunc i32 i64 %t11
    return i32 %t12
}
