declare global @__external_rtti_vtable____class_type_info [binding=strong, object=_ZTVN10__cxxabiv117__class_type_infoE]

declare global @__external_rtti_vtable____si_class_type_info [binding=strong, object=_ZTVN10__cxxabiv120__si_class_type_infoE]

declare function @__external_runtime____dynamic_cast(%arg0 : ptr, %arg1 : ptr, %arg2 : ptr, %arg3 : i64) -> ptr [linkage=c, binding=strong, object=__dynamic_cast]

declare function @operatordelete(%arg0 : ptr) -> void [effects=readwrite, unwind=no, binding=strong, object=cppgm_builtin_operator_delete]

global @__typeinfo_name__class_YB [binding=weak, object=_ZTS2YB] = {
  i8 50
  i8 89
  i8 66
  i8 0
}

global @__rtti_class_YB [binding=weak, object=_ZTI2YB] = {
  ptr addr @__external_rtti_vtable____class_type_info + 16
  ptr addr @__typeinfo_name__class_YB
}

global @__typeinfo_name__class_YD [binding=weak, object=_ZTS2YD] = {
  i8 50
  i8 89
  i8 68
  i8 0
}

global @__rtti_class_YD [binding=weak, object=_ZTI2YD] = {
  ptr addr @__external_rtti_vtable____si_class_type_info + 16
  ptr addr @__typeinfo_name__class_YD
  ptr addr @__rtti_class_YB
}

global @YB__vtable [binding=weak, object=_ZTV2YB] = {
  i64 0
  ptr addr @__rtti_class_YB
  ptr addr @YB__f
  ptr addr @YB___YB
  ptr addr @YB___YB__deleting_entry
}

global @YD__vtable [binding=weak, object=_ZTV2YD] = {
  i64 0
  ptr addr @__rtti_class_YD
  ptr addr @YD__f
  ptr addr @YD___YD
  ptr addr @YD___YD__deleting_entry
}

function @main() -> i32 [role=entry, binding=strong, keep_alias=yes] {
  slot $b : obj<8x8>
  slot $p : ptr
  slot $cleanup_return__1 : i32
  slot $dyn_cast__2 : ptr

  block ^entry:
    %t1 = addr $b
    call void @YB__YB(%t1)
    %t2 = addr $b
    store ptr %t2, $p
    %t3 = load ptr $p
    store ptr 0, $dyn_cast__2
    %t4 = cmp eq ptr %t3, 0
    branch %t4, ^dyn_cast_end_5, ^dyn_cast_scan_4

  block ^dyn_cast_scan_4:
    %t5 = addr @__rtti_class_YB
    %t6 = addr @__rtti_class_YD
    %t7 = call ptr @__external_runtime____dynamic_cast(%t3, %t5, %t6, 0)
    store ptr %t7, $dyn_cast__2
    jump ^dyn_cast_end_5

  block ^dyn_cast_end_5:
    %t8 = load ptr $dyn_cast__2
    branch %t8, ^if_then_1, ^if_else_2

  block ^if_then_1:
    store i32 0, $cleanup_return__1
    jump ^return_cleanup_action_7

  block ^return_cleanup_terminal_6:
    return i32 $cleanup_return__1

  block ^return_cleanup_action_7:
    %t9 = addr $b
    call void @YB___YB(%t9)
    jump ^return_cleanup_terminal_6

  block ^if_else_2:
    jump ^if_end_3

  block ^if_end_3:
    store i32 1, $cleanup_return__1
    jump ^return_cleanup_action_7
}

function @YB__f(%this : ptr) -> i32 [binding=weak, object=_ZN2YB1fEv] {
  slot $this : ptr

  block ^entry:
    store ptr %this, $this
    return i32 1
}

function @YB___YB__base_entry(%this : ptr) -> void [binding=weak, object=_ZN2YBD2Ev] {
  slot $this : ptr

  block ^entry:
    store ptr %this, $this
    %t1 = load ptr $this
    %t2 = addr @YB__vtable
    %t3 = index i8 %t2, 16
    store ptr %t3, %t1
    return void
}

function @YB___YB__deleting_entry(%this : ptr) -> void [binding=weak, object=_ZN2YBD0Ev] {
  slot $this : ptr

  block ^entry:
    store ptr %this, $this
    eh_cleanup ^destructor_cleanup_1
    %t1 = load ptr $this
    %t2 = addr @YB__vtable
    %t3 = index i8 %t2, 16
    store ptr %t3, %t1
    eh_end
    %t4 = load ptr $this
    call void @operatordelete(%t4)
    jump ^destructor_end_2

  block ^destructor_cleanup_1:
    %t5 = load ptr $this
    call void @operatordelete(%t5)
    eh_end
    resume

  block ^destructor_end_2:
    return void
}

function @YB___YB(%this : ptr) -> void [binding=weak, object=_ZN2YBD1Ev] {
  slot $this : ptr

  block ^entry:
    store ptr %this, $this
    %t1 = load ptr $this
    %t2 = addr @YB__vtable
    %t3 = index i8 %t2, 16
    store ptr %t3, %t1
    return void
}

function @YB__YB(%this : ptr) -> void [unwind=no, binding=weak, object=_ZN2YBC1Ev, trivial_lifecycle=yes] {
  slot $this : ptr

  block ^entry:
    store ptr %this, $this
    %t1 = load ptr $this
    %t2 = addr @YB__vtable
    %t3 = index i8 %t2, 16
    store ptr %t3, %t1
    return void
}

function @YD__f(%this : ptr) -> i32 [binding=weak, object=_ZN2YD1fEv] {
  slot $this : ptr

  block ^entry:
    store ptr %this, $this
    return i32 2
}

function @YD___YD__deleting_entry(%this : ptr) -> void [binding=weak, object=_ZN2YDD0Ev] {
  slot $this : ptr

  block ^entry:
    store ptr %this, $this
    eh_cleanup ^destructor_cleanup_1
    %t1 = load ptr $this
    %t2 = addr @YD__vtable
    %t3 = index i8 %t2, 16
    store ptr %t3, %t1
    eh_end
    eh_cleanup ^destructor_suffix_cleanup_3
    %t4 = load ptr $this
    %t5 = index i8 [projection=base_subobject] %t4, 0
    call void @YB___YB__base_entry(%t5)
    eh_end
    jump ^destructor_suffix_next_4

  block ^destructor_suffix_cleanup_3:
    %t6 = load ptr $this
    call void @operatordelete(%t6)
    eh_end
    resume

  block ^destructor_suffix_next_4:
    %t7 = load ptr $this
    call void @operatordelete(%t7)
    jump ^destructor_end_2

  block ^destructor_cleanup_1:
    %t8 = load ptr $this
    %t9 = index i8 [projection=base_subobject] %t8, 0
    call void @YB___YB__base_entry(%t9)
    %t10 = load ptr $this
    call void @operatordelete(%t10)
    eh_end
    resume

  block ^destructor_end_2:
    return void
}

function @YD___YD(%this : ptr) -> void [unwind=no, binding=weak, object=_ZN2YDD1Ev] {
  slot $this : ptr

  block ^entry:
    store ptr %this, $this
    eh_cleanup ^destructor_cleanup_1
    %t1 = load ptr $this
    %t2 = addr @YD__vtable
    %t3 = index i8 %t2, 16
    store ptr %t3, %t1
    eh_end
    %t4 = load ptr $this
    %t5 = index i8 [projection=base_subobject] %t4, 0
    call void @YB___YB__base_entry(%t5)
    jump ^destructor_end_2

  block ^destructor_cleanup_1:
    %t6 = load ptr $this
    %t7 = index i8 [projection=base_subobject] %t6, 0
    call void @YB___YB__base_entry(%t7)
    eh_end
    resume

  block ^destructor_end_2:
    return void
}
