declare function @guard__guard(%arg0 : ptr) -> void [binding=strong, object=_ZN5guardC1Ev]

declare function @item__item(%arg0 : ptr) -> void [binding=strong, object=_ZN4itemC1Ev]

declare function @guard___guard(%arg0 : ptr) -> void [binding=strong, object=_ZN5guardD1Ev]

global @storage : i64 [binding=strong, object=_Z7storage] = zero

function @operatornew__ov2(%__param0 : i64, %p : ptr) -> ptr [unwind=no, binding=strong, object=_ZnwmPv] {
  slot $__param0 : i64
  slot $p : ptr

  block ^entry:
    store i64 %__param0, $__param0
    store ptr %p, $p
    %t1 = load ptr $p
    return ptr %t1
}

function @build() -> void [binding=strong, object=_Z5buildv] {
  slot $cleanup : obj<1x1>

  block ^entry:
    %t1 = addr $cleanup
    call void @guard__guard(%t1)
    %t2 = convert sext i64 i32 1
    %t3 = addr @storage
    %t4 = call ptr @operatornew__ov2(%t2, %t3)
    eh_try ^cleanup_action_2
    call void @item__item(%t4)
    eh_end
    jump ^call_unwind_end_3

  block ^cleanup_resume_1:
    resume

  block ^cleanup_action_2:
    %t5 = addr $cleanup
    call void @guard___guard(%t5)
    jump ^cleanup_resume_1

  block ^call_unwind_end_3:
    %t6 = addr $cleanup
    call void @guard___guard(%t6)
    return void
}
