global @destroyed : i32 [binding=strong, object=_Z9destroyed] = 0

function @use(%__param0 : ptr [pass=reference], %value : u8) -> u8 [unwind=no, binding=strong, object=_Z3useRK5Probeb] {
  slot $__param0 : ptr
  slot $value : u8

  block ^entry:
    store ptr %__param0, $__param0
    store u8 %value, $value
    %t1 = load u8 $value
    return u8 %t1
}

function @main() -> i32 [role=entry, binding=strong, keep_alias=yes] {
  slot $gate : u8
  slot $land__1 : i64
  slot $land__2 : i64
  slot $call__3 : u8
  slot $arg__4 : obj<1x1>

  block ^entry:
    store u8 1, $gate
    %t1 = load u8 $gate
    branch %t1, ^land_rhs_4, ^land_short_5

  block ^land_rhs_4:
    eh_try ^cleanup_resume_10
    %t2 = addr $arg__4
    call void @Probe__Probe(%t2)
    eh_end
    jump ^call_unwind_end_11

  block ^cleanup_resume_10:
    resume

  block ^call_unwind_end_11:
    eh_try ^cleanup_action_12
    %t3 = call u8 @use(%t2, 1)
    store u8 %t3, $call__3
    %t4 = load u8 $call__3
    eh_end
    jump ^call_unwind_end_13

  block ^cleanup_action_12:
    call void @Probe___Probe(%t2)
    jump ^cleanup_resume_10

  block ^call_unwind_end_13:
    branch %t4, ^land_rhs_7, ^land_short_8

  block ^land_rhs_7:
    %t5 = cmp ne i64 1, 0
    store i64 %t5, $land__2
    jump ^land_end_9

  block ^land_short_8:
    store i64 0, $land__2
    jump ^land_end_9

  block ^land_end_9:
    %t6 = load i64 $land__2
    %t7 = cmp ne i64 %t6, 0
    store i64 %t7, $land__1
    call void @Probe___Probe(%t2)
    jump ^land_end_6

  block ^land_short_5:
    store i64 0, $land__1
    jump ^land_end_6

  block ^land_end_6:
    %t8 = load i64 $land__1
    branch %t8, ^if_then_1, ^if_else_2

  block ^if_then_1:
    %t9 = load i32 @destroyed
    %t10 = binary add i32 %t9, 1
    store i32 %t10, @destroyed
    jump ^if_end_3

  block ^if_else_2:
    jump ^if_end_3

  block ^if_end_3:
    return i32 0
}

function @Probe___Probe(%this : ptr) -> void [unwind=no, binding=weak, object=_ZN5ProbeD1Ev] {
  slot $this : ptr

  block ^entry:
    store ptr %this, $this
    %t1 = load i32 @destroyed
    %t2 = binary add i32 %t1, 1
    store i32 %t2, @destroyed
    return void
}

function @Probe__Probe(%this : ptr) -> void [unwind=no, binding=weak, object=_ZN5ProbeC1Ev, trivial_lifecycle=yes] {
  slot $this : ptr

  block ^entry:
    store ptr %this, $this
    return void
}
