declare global @g_runtime_branch : i32 [binding=strong, object=_Z16g_runtime_branch]

declare function @complete(%arg0 : ptr [pass=reference]) -> u8 [binding=strong, object=_Z8completeR6Cursor]

declare function @process(%arg0 : i32, %arg1 : ptr [pass=reference], %arg2 : u8) -> u8 [binding=strong, object=_Z7processiRK7Payloadb]

declare function @Payload__Payload(%arg0 : ptr) -> void [binding=strong, object=_ZN7PayloadC1Ev]

declare function @Payload___Payload(%arg0 : ptr) -> void [binding=strong, object=_ZN7PayloadD1Ev]

declare function @Cursor__get(%ret : ptr [pass=indirect_result], %arg0 : ptr) -> void [binding=strong, object=_ZN6Cursor3getEv]

declare function @Macroizer__active(%arg0 : ptr) -> u8 [binding=strong, object=_ZN9Macroizer6activeEv]

declare function @Macroizer__get(%ret : ptr [pass=indirect_result], %arg0 : ptr) -> void [binding=strong, object=_ZN9Macroizer3getEv]

declare function @Payload__operator_(%arg0 : ptr, %arg1 : ptr [pass=reference]) -> ptr [binding=strong, object=_ZN7PayloadaSEOS_]

declare function @Payload__Payload__ov2(%arg0 : ptr, %arg1 : ptr [pass=reference]) -> void [binding=strong, object=_ZN7PayloadC1EOS_]

function @preproc_get(%ret : ptr [pass=indirect_result], %cursor : ptr [pass=reference], %macroizer : ptr [pass=reference]) -> void [binding=strong, object=_Z11preproc_getR6CursorR9Macroizer] {
  slot $cursor : ptr
  slot $macroizer : ptr
  slot $token : obj<8x4>
  slot $output : u8
  slot $call__1 : ptr
  slot $arg__2 : obj<8x4>
  slot $call__3 : u8
  slot $call__4 : u8
  slot $call__5 : ptr
  slot $arg__6 : obj<8x4>
  slot $call__7 : u8
  slot $call__8 : ptr
  slot $arg__9 : obj<8x4>
  slot $call__10 : u8

  block ^entry:
    store ptr %cursor, $cursor
    store ptr %macroizer, $macroizer
    %t1 = load ptr $cursor
    %t2 = call u8 @complete(%t1)
    branch %t2, ^if_then_1, ^if_else_2

  block ^if_then_1:
    call void @Tok__Tok__aggregate(%ret, 5)
    return void

  block ^if_else_2:
    jump ^if_end_3

  block ^if_end_3:
    %t3 = addr $token
    call void @Tok__Tok(%t3)
    store u8 0, $output
    jump ^do_body_4

  block ^do_body_4:
    %t4 = load i32 @g_runtime_branch
    %t5 = cmp eq i32 %t4, 1
    branch %t5, ^if_then_7, ^if_else_8

  block ^if_then_7:
    eh_try ^cleanup_action_11
    %t6 = addr $token
    %t7 = addr $arg__2
    %t8 = load ptr $cursor
    call void @Cursor__get(%t7, %t8)
    eh_end
    jump ^call_unwind_end_12

  block ^cleanup_resume_10:
    resume

  block ^cleanup_action_11:
    %t9 = addr $token
    call void @Tok___Tok(%t9)
    jump ^cleanup_resume_10

  block ^call_unwind_end_12:
    eh_try ^cleanup_action_13
    %t10 = call ptr @Tok__operator___ov2(%t6, %t7)
    store ptr %t10, $call__1
    %t11 = load ptr $call__1
    call void @Tok___Tok(%t7)
    eh_end
    jump ^call_unwind_end_14

  block ^cleanup_action_13:
    call void @Tok___Tok(%t7)
    jump ^cleanup_action_11

  block ^call_unwind_end_14:
    eh_try ^cleanup_action_11
    %t12 = addr $token
    %t13 = index i8 [projection=field] %t12, 0
    %t14 = load i32 %t13
    %t15 = addr $token
    %t16 = index i8 [projection=field] %t15, 4
    %t17 = call u8 @process(%t14, %t16, 0)
    store u8 %t17, $call__3
    %t18 = load u8 $call__3
    store u8 %t18, $output
    eh_end
    jump ^if_end_9

  block ^if_else_8:
    eh_try ^cleanup_action_11
    %t19 = load ptr $macroizer
    %t20 = call u8 @Macroizer__active(%t19)
    store u8 %t20, $call__4
    %t21 = load u8 $call__4
    eh_end
    branch %t21, ^if_then_15, ^if_else_16

  block ^if_then_15:
    eh_try ^cleanup_action_11
    %t22 = addr $token
    %t23 = addr $arg__6
    %t24 = load ptr $macroizer
    call void @Macroizer__get(%t23, %t24)
    eh_end
    eh_try ^cleanup_action_18
    %t25 = call ptr @Tok__operator___ov2(%t22, %t23)
    store ptr %t25, $call__5
    %t26 = load ptr $call__5
    call void @Tok___Tok(%t23)
    eh_end
    jump ^call_unwind_end_19

  block ^cleanup_action_18:
    call void @Tok___Tok(%t23)
    jump ^cleanup_action_11

  block ^call_unwind_end_19:
    %t27 = addr $token
    %t28 = index i8 [projection=field] %t27, 0
    %t29 = load i32 %t28
    %t30 = cmp eq i32 %t29, 5
    branch %t30, ^if_then_20, ^if_else_21

  block ^if_then_20:
    jump ^do_cond_5

  block ^if_else_21:
    jump ^if_end_22

  block ^if_end_22:
    eh_try ^cleanup_action_11
    %t31 = addr $token
    %t32 = index i8 [projection=field] %t31, 0
    %t33 = load i32 %t32
    %t34 = addr $token
    %t35 = index i8 [projection=field] %t34, 4
    %t36 = call u8 @process(%t33, %t35, 0)
    store u8 %t36, $call__7
    %t37 = load u8 $call__7
    store u8 %t37, $output
    eh_end
    jump ^if_end_17

  block ^if_else_16:
    eh_try ^cleanup_action_11
    %t38 = addr $token
    %t39 = addr $arg__9
    %t40 = load ptr $cursor
    call void @Cursor__get(%t39, %t40)
    eh_end
    eh_try ^cleanup_action_23
    %t41 = call ptr @Tok__operator___ov2(%t38, %t39)
    store ptr %t41, $call__8
    %t42 = load ptr $call__8
    call void @Tok___Tok(%t39)
    eh_end
    jump ^call_unwind_end_24

  block ^cleanup_action_23:
    call void @Tok___Tok(%t39)
    jump ^cleanup_action_11

  block ^call_unwind_end_24:
    eh_try ^cleanup_action_11
    %t43 = addr $token
    %t44 = index i8 [projection=field] %t43, 0
    %t45 = load i32 %t44
    %t46 = addr $token
    %t47 = index i8 [projection=field] %t46, 4
    %t48 = call u8 @process(%t45, %t47, 1)
    store u8 %t48, $call__10
    %t49 = load u8 $call__10
    store u8 %t49, $output
    eh_end
    jump ^if_end_17

  block ^if_end_17:
    jump ^if_end_9

  block ^if_end_9:
    jump ^do_cond_5

  block ^do_cond_5:
    %t50 = load u8 $output
    %t51 = convert zext i32 u8 %t50
    %t52 = cmp eq i32 %t51, 0
    branch %t52, ^do_body_4, ^do_end_6

  block ^do_end_6:
    %t53 = addr $token
    %t54 = index i8 [projection=field] %t53, 0
    %t55 = load i32 %t54
    %t56 = cmp eq i32 %t55, 1
    branch %t56, ^if_then_25, ^if_else_26

  block ^if_then_25:
    %t57 = addr $token
    %t58 = index i8 [projection=field] %t57, 0
    store i32 0, %t58
    jump ^if_end_27

  block ^if_else_26:
    jump ^if_end_27

  block ^if_end_27:
    %t59 = addr $token
    call void @Tok__Tok__ov2(%ret, %t59)
    %t60 = addr $token
    call void @Tok___Tok(%t60)
    return void
}

function @Tok__Tok(%this : ptr) -> void [binding=weak, object=_ZN3TokC1Ev, trivial_lifecycle=yes] {
  slot $this : ptr

  block ^entry:
    store ptr %this, $this
    %t1 = load ptr $this
    %t2 = index i8 [projection=field] %t1, 4
    call void @Payload__Payload(%t2)
    return void
}

function @Tok__operator___ov2(%this : ptr, %other : ptr [pass=reference]) -> ptr [binding=weak, object=_ZN3TokaSEOS_] {
  slot $this : ptr
  slot $other : ptr

  block ^entry:
    store ptr %this, $this
    store ptr %other, $other
    %t1 = load ptr $this
    %t2 = load ptr $other
    copyobj 4x4 %t2, %t1
    %t3 = load ptr $this
    %t4 = index i8 [projection=field] %t3, 4
    %t5 = load ptr $other
    %t6 = index i8 [projection=field] %t5, 4
    %t7 = call ptr @Payload__operator_(%t4, %t6)
    %t8 = load ptr $this
    return ptr %t8
}

function @Tok___Tok(%this : ptr) -> void [binding=weak, object=_ZN3TokD1Ev] {
  slot $this : ptr

  block ^entry:
    store ptr %this, $this
    eh_cleanup ^destructor_cleanup_1
    eh_end
    %t1 = load ptr $this
    %t2 = index i8 [projection=field] %t1, 4
    call void @Payload___Payload(%t2)
    jump ^destructor_end_2

  block ^destructor_cleanup_1:
    %t3 = load ptr $this
    %t4 = index i8 [projection=field] %t3, 4
    call void @Payload___Payload(%t4)
    eh_end
    resume

  block ^destructor_end_2:
    return void
}

function @Tok__Tok__ov2(%this : ptr, %other : ptr [pass=reference]) -> void [binding=weak, object=_ZN3TokC1EOS_] {
  slot $this : ptr
  slot $other : ptr

  block ^entry:
    store ptr %this, $this
    store ptr %other, $other
    %t1 = load ptr $this
    %t2 = load ptr $other
    copyobj 4x4 %t2, %t1
    %t3 = load ptr $this
    %t4 = index i8 [projection=field] %t3, 4
    %t5 = load ptr $other
    %t6 = index i8 [projection=field] %t5, 4
    call void @Payload__Payload__ov2(%t4, %t6)
    return void
}

function @Tok__Tok__aggregate(%this : ptr, %type : i32) -> void [unwind=no, binding=internal] {
  slot $this : ptr
  slot $type : i32

  block ^entry:
    store ptr %this, $this
    store i32 %type, $type
    %t1 = load i32 $type
    %t2 = load ptr $this
    %t3 = index i8 [projection=field] %t2, 0
    store i32 %t1, %t3
    %t4 = load ptr $this
    %t5 = index i8 [projection=field] %t4, 4
    call void @Payload__Payload(%t5)
    return void
}
