declare global @__external_rtti_vtable____fundamental_type_info [binding=strong, object=_ZTVN10__cxxabiv123__fundamental_type_infoE]

declare global @__external_rtti__int [binding=strong, object=_ZTIi]

declare function @__external_runtime____cxa_allocate_exception(%arg0 : i64) -> ptr [role=eh_allocate_exception, linkage=c, binding=strong, object=__cxa_allocate_exception]

declare function @__external_runtime____cxa_throw(%arg0 : ptr, %arg1 : ptr, %arg2 : ptr) -> void [return=noreturn, role=eh_throw, linkage=c, binding=strong, object=__cxa_throw]

declare function @__external_runtime____gxx_personality_v0() -> void [role=eh_personality, linkage=c, binding=strong, object=__gxx_personality_v0]

global @__typeinfo_name__int [binding=weak, object=_ZTSi] = {
  i8 105
  i8 0
}

global @__rtti_int [binding=weak, object=_ZTIi] = {
  ptr addr @__external_rtti_vtable____fundamental_type_info + 16
  ptr addr @__typeinfo_name__int
}

global @__ehobj_int [binding=internal, object=@__ehobj_int] = {
  zero 4
}

global @__local_static__read_static__value__tokens129_141 [binding=internal] = {
  zero 4
}

global @__local_static__read_static__value__tokens129_141__guard : i64 [binding=internal] = zero

function @read_static(%live_count : ptr) -> i32 [binding=strong, object=_Z11read_staticPi] {
  slot $live_count : ptr
  slot $live : obj<8x8>
  slot $arg__1 : obj<4x4>
  slot $arg__2 : obj<4x4>

  block ^entry:
    store ptr %live_count, $live_count
    %t1 = addr $live
    %t2 = load ptr $live_count
    call void @Live__Live(%t1, %t2)
    %t3 = load i64 @__local_static__read_static__value__tokens129_141__guard
    %t4 = cmp ne i64 %t3, 0
    branch %t4, ^local_static_ready_1, ^local_static_init_2

  block ^local_static_init_2:
    %t5 = addr @__local_static__read_static__value__tokens129_141
    %t6 = addr $arg__1
    eh_try ^cleanup_action_4
    call void @Temporary__Temporary(%t6, 1)
    eh_end
    jump ^call_unwind_end_5

  block ^cleanup_resume_3:
    resume

  block ^cleanup_action_4:
    %t7 = addr $live
    call void @Live___Live(%t7)
    jump ^cleanup_resume_3

  block ^call_unwind_end_5:
    eh_try ^cleanup_action_6
    %t8 = addr $arg__2
    call void @Temporary__Temporary(%t8, 2)
    eh_end
    jump ^call_unwind_end_7

  block ^cleanup_action_6:
    call void @Temporary___Temporary(%t6)
    jump ^cleanup_action_4

  block ^call_unwind_end_7:
    eh_try ^cleanup_action_8
    call void @StaticValue__StaticValue(%t5, %t6, %t8)
    call void @Temporary___Temporary(%t8)
    call void @Temporary___Temporary(%t6)
    eh_end
    jump ^call_unwind_end_9

  block ^cleanup_action_8:
    call void @Temporary___Temporary(%t8)
    jump ^cleanup_action_6

  block ^call_unwind_end_9:
    store i64 1, @__local_static__read_static__value__tokens129_141__guard
    jump ^local_static_ready_1

  block ^local_static_ready_1:
    %t9 = addr @__local_static__read_static__value__tokens129_141
    %t10 = index i8 [projection=field] %t9, 0
    %t11 = load i32 %t10
    %t12 = addr $live
    call void @Live___Live(%t12)
    return i32 %t11
}

function @main() -> i32 [role=entry, binding=strong, keep_alias=yes] {
  slot $live_count : i32

  block ^entry:
    store i32 0, $live_count
    %t1 = addr $live_count
    %t2 = call i32 @read_static(%t1)
    %t3 = cmp ne i32 %t2, 3
    branch %t3, ^if_then_1, ^lor_rhs_4

  block ^lor_rhs_4:
    %t4 = load i32 $live_count
    %t5 = cmp ne i32 %t4, 0
    branch %t5, ^if_then_1, ^if_else_2

  block ^if_then_1:
    return i32 1

  block ^if_else_2:
    jump ^if_end_3

  block ^if_end_3:
    %t6 = addr $live_count
    %t7 = call i32 @read_static(%t6)
    %t8 = cmp ne i32 %t7, 3
    branch %t8, ^if_then_5, ^lor_rhs_8

  block ^lor_rhs_8:
    %t9 = load i32 $live_count
    %t10 = cmp ne i32 %t9, 0
    branch %t10, ^if_then_5, ^if_else_6

  block ^if_then_5:
    return i32 2

  block ^if_else_6:
    jump ^if_end_7

  block ^if_end_7:
    return i32 0
}

function @Live__Live(%this : ptr, %value : ptr) -> void [binding=weak, object=_ZN4LiveC1EPi] {
  slot $this : ptr
  slot $value : ptr

  block ^entry:
    store ptr %this, $this
    store ptr %value, $value
    %t1 = load ptr $value
    %t2 = load ptr $this
    %t3 = index i8 [projection=field] %t2, 0
    store ptr %t1, %t3
    %t4 = load ptr $this
    %t5 = index i8 [projection=field] %t4, 0
    %t6 = load ptr %t5
    %t7 = load i32 %t6
    %t8 = binary add i32 %t7, 1
    store i32 %t8, %t6
    return void
}

function @Temporary__Temporary(%this : ptr, %input : i32) -> void [binding=weak, object=_ZN9TemporaryC1Ei] {
  slot $this : ptr
  slot $input : i32

  block ^entry:
    store ptr %this, $this
    store i32 %input, $input
    %t1 = load i32 $input
    %t2 = load ptr $this
    %t3 = index i8 [projection=field] %t2, 0
    store i32 %t1, %t3
    %t4 = load i32 $input
    %t5 = cmp lt i32 %t4, 0
    branch %t5, ^if_then_1, ^if_else_2

  block ^if_then_1:
    %t6 = call ptr @__external_runtime____cxa_allocate_exception(4)
    %t7 = load i32 $input
    store i32 %t7, %t6
    %t8 = addr @__external_rtti__int
    call void @__external_runtime____cxa_throw(%t6, %t8, 0)
    return void

  block ^if_else_2:
    jump ^if_end_3

  block ^if_end_3:
    return void
}

function @StaticValue__StaticValue(%this : ptr, %left : ptr [pass=reference], %right : ptr [pass=reference]) -> void [binding=weak, object=_ZN11StaticValueC1ERK9TemporaryS2_] {
  slot $this : ptr
  slot $left : ptr
  slot $right : ptr

  block ^entry:
    store ptr %this, $this
    store ptr %left, $left
    store ptr %right, $right
    %t1 = load ptr $left
    %t2 = index i8 [projection=field] %t1, 0
    %t3 = load i32 %t2
    %t4 = load ptr $right
    %t5 = index i8 [projection=field] %t4, 0
    %t6 = load i32 %t5
    %t7 = binary add i32 %t3, %t6
    %t8 = load ptr $this
    %t9 = index i8 [projection=field] %t8, 0
    store i32 %t7, %t9
    %t10 = load ptr $this
    %t11 = index i8 [projection=field] %t10, 0
    %t12 = load i32 %t11
    %t13 = cmp lt i32 %t12, 0
    branch %t13, ^if_then_1, ^if_else_2

  block ^if_then_1:
    %t14 = call ptr @__external_runtime____cxa_allocate_exception(4)
    %t15 = load ptr $this
    %t16 = index i8 [projection=field] %t15, 0
    %t17 = load i32 %t16
    store i32 %t17, %t14
    %t18 = addr @__external_rtti__int
    call void @__external_runtime____cxa_throw(%t14, %t18, 0)
    return void

  block ^if_else_2:
    jump ^if_end_3

  block ^if_end_3:
    return void
}

function @Temporary___Temporary(%this : ptr) -> void [binding=weak, object=_ZN9TemporaryD1Ev] {
  slot $this : ptr

  block ^entry:
    store ptr %this, $this
    return void
}

function @Live___Live(%this : ptr) -> void [binding=weak, object=_ZN4LiveD1Ev] {
  slot $this : ptr

  block ^entry:
    store ptr %this, $this
    %t1 = load ptr $this
    %t2 = index i8 [projection=field] %t1, 0
    %t3 = load ptr %t2
    %t4 = load i32 %t3
    %t5 = binary sub i32 %t4, 1
    store i32 %t5, %t3
    return void
}
