global @destroyed : i32 [binding=strong, object=_Z9destroyed] = 0

function @use(%__param0 : ptr [pass=reference], %value : u8) -> u8 [unwind=no, binding=strong, object=_Z3useRK5Probeb] {
  slot $__param0 : ptr
  slot $value : u8

  block ^entry:
    store ptr %__param0, $__param0
    store u8 %value, $value
    %t1 = load u8 $value
    return u8 %t1
}

function @main() -> i32 [role=entry, binding=strong, keep_alias=yes] {
  slot $lor__1 : i64
  slot $call__2 : u8
  slot $arg__3 : obj<1x1>
  slot $land__4 : i64
  slot $call__5 : u8
  slot $arg__6 : obj<1x1>
  slot $lor__7 : i64
  slot $call__8 : u8
  slot $arg__9 : obj<1x1>
  slot $land__10 : i64
  slot $call__11 : u8
  slot $arg__12 : obj<1x1>
  slot $cond__13 : i32

  block ^entry:
    eh_try ^cleanup_resume_7
    %t1 = addr $arg__3
    call void @Probe__Probe(%t1)
    eh_end
    jump ^call_unwind_end_8

  block ^cleanup_resume_7:
    resume

  block ^call_unwind_end_8:
    eh_try ^cleanup_action_9
    %t2 = call u8 @use(%t1, 1)
    store u8 %t2, $call__2
    %t3 = load u8 $call__2
    eh_end
    jump ^call_unwind_end_10

  block ^cleanup_action_9:
    call void @Probe___Probe(%t1)
    jump ^cleanup_resume_7

  block ^call_unwind_end_10:
    branch %t3, ^lor_short_5, ^lor_rhs_4

  block ^lor_rhs_4:
    eh_try ^cleanup_action_9
    %t4 = addr $arg__6
    call void @Probe__Probe(%t4)
    eh_end
    eh_try ^cleanup_action_14
    %t5 = call u8 @use(%t4, 1)
    store u8 %t5, $call__5
    %t6 = load u8 $call__5
    eh_end
    jump ^call_unwind_end_15

  block ^cleanup_action_14:
    call void @Probe___Probe(%t4)
    jump ^cleanup_action_9

  block ^call_unwind_end_15:
    branch %t6, ^land_rhs_11, ^land_short_12

  block ^land_rhs_11:
    %t7 = cmp ne i64 1, 0
    store i64 %t7, $land__4
    jump ^land_end_13

  block ^land_short_12:
    store i64 0, $land__4
    jump ^land_end_13

  block ^land_end_13:
    %t8 = load i64 $land__4
    %t9 = cmp ne i64 %t8, 0
    store i64 %t9, $lor__1
    call void @Probe___Probe(%t4)
    jump ^lor_end_6

  block ^lor_short_5:
    store i64 1, $lor__1
    jump ^lor_end_6

  block ^lor_end_6:
    %t10 = load i64 $lor__1
    branch %t10, ^cond_true_cleanup_16, ^cond_false_cleanup_17

  block ^cond_true_cleanup_16:
    call void @Probe___Probe(%t1)
    jump ^if_then_1

  block ^cond_false_cleanup_17:
    call void @Probe___Probe(%t1)
    jump ^if_else_2

  block ^if_then_1:
    %t11 = load i32 @destroyed
    %t12 = cmp ne i32 %t11, 1
    branch %t12, ^if_then_18, ^if_else_19

  block ^if_then_18:
    return i32 1

  block ^if_else_19:
    jump ^if_end_20

  block ^if_end_20:
    jump ^if_end_3

  block ^if_else_2:
    jump ^if_end_3

  block ^if_end_3:
    store i32 0, @destroyed
    eh_try ^cleanup_resume_7
    %t13 = addr $arg__9
    call void @Probe__Probe(%t13)
    eh_end
    eh_try ^cleanup_action_27
    %t14 = call u8 @use(%t13, 0)
    store u8 %t14, $call__8
    %t15 = load u8 $call__8
    eh_end
    jump ^call_unwind_end_28

  block ^cleanup_action_27:
    call void @Probe___Probe(%t13)
    jump ^cleanup_resume_7

  block ^call_unwind_end_28:
    branch %t15, ^lor_short_25, ^lor_rhs_24

  block ^lor_rhs_24:
    eh_try ^cleanup_action_27
    %t16 = addr $arg__12
    call void @Probe__Probe(%t16)
    eh_end
    eh_try ^cleanup_action_32
    %t17 = call u8 @use(%t16, 1)
    store u8 %t17, $call__11
    %t18 = load u8 $call__11
    eh_end
    jump ^call_unwind_end_33

  block ^cleanup_action_32:
    call void @Probe___Probe(%t16)
    jump ^cleanup_action_27

  block ^call_unwind_end_33:
    branch %t18, ^land_rhs_29, ^land_short_30

  block ^land_rhs_29:
    %t19 = cmp ne i64 1, 0
    store i64 %t19, $land__10
    jump ^land_end_31

  block ^land_short_30:
    store i64 0, $land__10
    jump ^land_end_31

  block ^land_end_31:
    %t20 = load i64 $land__10
    %t21 = cmp ne i64 %t20, 0
    store i64 %t21, $lor__7
    call void @Probe___Probe(%t16)
    jump ^lor_end_26

  block ^lor_short_25:
    store i64 1, $lor__7
    jump ^lor_end_26

  block ^lor_end_26:
    %t22 = load i64 $lor__7
    branch %t22, ^cond_true_cleanup_34, ^cond_false_cleanup_35

  block ^cond_true_cleanup_34:
    call void @Probe___Probe(%t13)
    jump ^if_then_21

  block ^cond_false_cleanup_35:
    call void @Probe___Probe(%t13)
    jump ^if_else_22

  block ^if_then_21:
    %t23 = load i32 @destroyed
    %t24 = cmp eq i32 %t23, 2
    branch %t24, ^cond_then_36, ^cond_else_37

  block ^cond_then_36:
    store i32 0, $cond__13
    jump ^cond_end_38

  block ^cond_else_37:
    store i32 2, $cond__13
    jump ^cond_end_38

  block ^cond_end_38:
    %t25 = load i32 $cond__13
    return i32 %t25

  block ^if_else_22:
    jump ^if_end_23

  block ^if_end_23:
    return i32 3
}

function @Probe___Probe(%this : ptr) -> void [unwind=no, binding=weak, object=_ZN5ProbeD1Ev] {
  slot $this : ptr

  block ^entry:
    store ptr %this, $this
    %t1 = load i32 @destroyed
    %t2 = binary add i32 %t1, 1
    store i32 %t2, @destroyed
    return void
}

function @Probe__Probe(%this : ptr) -> void [unwind=no, binding=weak, object=_ZN5ProbeC1Ev, trivial_lifecycle=yes] {
  slot $this : ptr

  block ^entry:
    store ptr %this, $this
    return void
}
