global @live : i32 [binding=strong, object=_Z4live] = zero
global @__cppgm_initlist_backing_1 [binding=internal] = {
  zero 8
}
global @values [binding=strong, object=_Z6values] = {
  zero 16
}

function @main() -> i32 [role=entry, binding=strong, keep_alias=yes] {
  slot $lor__1 : i64
  slot $lor__2 : i64

  block ^entry:
    %t1 = load i32 @live
    %t2 = cmp ne i32 %t1, 2
    branch %t2, ^lor_short_5, ^lor_rhs_4

  block ^lor_rhs_4:
    %t3 = addr @values
    %t4 = call ptr @std__initializer_list_item___begin(%t3)
    %t5 = binary mul i64 0, 4
    %t6 = index i8 [projection=array_element] %t4, %t5
    %t7 = index i8 [projection=field] %t6, 0
    %t8 = load i32 %t7
    %t9 = cmp ne i32 %t8, 1
    %t10 = cmp ne i64 %t9, 0
    store i64 %t10, $lor__2
    jump ^lor_end_6

  block ^lor_short_5:
    store i64 1, $lor__2
    jump ^lor_end_6

  block ^lor_end_6:
    %t11 = load i64 $lor__2
    branch %t11, ^lor_short_2, ^lor_rhs_1

  block ^lor_rhs_1:
    %t12 = addr @values
    %t13 = call ptr @std__initializer_list_item___begin(%t12)
    %t14 = binary mul i64 1, 4
    %t15 = index i8 [projection=array_element] %t13, %t14
    %t16 = index i8 [projection=field] %t15, 0
    %t17 = load i32 %t16
    %t18 = cmp ne i32 %t17, 2
    %t19 = cmp ne i64 %t18, 0
    store i64 %t19, $lor__1
    jump ^lor_end_3

  block ^lor_short_2:
    store i64 1, $lor__1
    jump ^lor_end_3

  block ^lor_end_3:
    %t20 = load i64 $lor__1
    %t21 = convert trunc i32 i64 %t20
    return i32 %t21
}
function @item__item(%this : ptr, %x : i32) -> void [binding=weak, object=_ZN4itemC1Ei] {
  slot $this : ptr
  slot $x : i32

  block ^entry:
    store ptr %this, $this
    store i32 %x, $x
    %t1 = load i32 $x
    %t2 = load ptr $this
    %t3 = index i8 [projection=field] %t2, 0
    store i32 %t1, %t3
    %t4 = load i32 @live
    %t5 = binary add i32 %t4, 1
    store i32 %t5, @live
    return void
}
function @item___item(%this : ptr) -> void [binding=weak, object=_ZN4itemD1Ev] {
  slot $this : ptr

  block ^entry:
    store ptr %this, $this
    %t1 = load i32 @live
    %t2 = binary sub i32 %t1, 1
    store i32 %t2, @live
    return void
}
function @std__initializer_list_item___begin(%this : ptr) -> ptr [binding=weak, object=_ZNKSt16initializer_listI4itemE5beginEv] {
  slot $this : ptr

  block ^entry:
    store ptr %this, $this
    %t1 = load ptr $this
    %t2 = index i8 [projection=field] %t1, 0
    %t3 = load ptr %t2
    return ptr %t3
}
function @__cppgm_init() -> void [role=init, binding=internal] {
  block ^entry:
    %t1 = addr @values
    %t2 = addr @__cppgm_initlist_backing_1
    call void @item__item(%t2, 1)
    %t3 = index i8 [projection=array_element] %t2, 4
    eh_try ^call_unwind_dispatch_1
    call void @item__item(%t3, 2)
    eh_end
    jump ^call_unwind_end_2

  block ^call_unwind_dispatch_1:
    call void @item___item(%t2)
    resume

  block ^call_unwind_end_2:
    eh_try ^call_unwind_dispatch_3
    store ptr %t2, %t1
    %t4 = index i8 %t1, 8
    store i64 2, %t4
    eh_end
    jump ^call_unwind_end_4

  block ^call_unwind_dispatch_3:
    resume

  block ^call_unwind_end_4:
    return void
}
function @__cppgm_fini() -> void [role=fini, binding=internal] {
  block ^entry:
    %t1 = addr @__cppgm_initlist_backing_1
    %t2 = unary decay ptr %t1
    %t3 = binary mul i64 1, 4
    %t4 = index i8 [projection=array_element] %t2, %t3
    call void @item___item(%t4)
    %t5 = addr @__cppgm_initlist_backing_1
    %t6 = unary decay ptr %t5
    %t7 = binary mul i64 0, 4
    %t8 = index i8 [projection=array_element] %t6, %t7
    call void @item___item(%t8)
    return void
}
alias object _ZN4itemC2Ei = @item__item
alias object _ZN4itemD2Ev = @item___item
