declare function @operatordelete(%arg0 : ptr) -> void [effects=readwrite, unwind=no, binding=strong, object=cppgm_builtin_operator_delete]

declare function @operatornew(%arg0 : i64) -> ptr [effects=readwrite, binding=strong, object=cppgm_builtin_operator_new]

global @Value__live : i32 [binding=strong, object=_ZN5Value4liveE] = 0

function @consume(%value : ptr [pass=by_address]) -> i32 [binding=strong, object=_Z7consume5Value] {
  slot $value : obj<8x8>

  block ^entry:
    %t1 = index i8 [projection=field] %value, 0
    %t2 = load ptr %t1
    %t3 = load i32 %t2
    call void @Value___Value(%value)
    return i32 %t3
}

function @main() -> i32 [role=entry, binding=strong, keep_alias=yes] {
  slot $source : obj<8x8>
  slot $result : i32
  slot $call__1 : i32
  slot $arg__2 : obj<8x8>
  slot $cond__3 : i32
  slot $land__4 : i64
  slot $land__5 : i64

  block ^entry:
    %t1 = addr $source
    call void @Value__Value(%t1)
    eh_try ^cleanup_action_2
    %t2 = addr $arg__2
    %t3 = addr $source
    call void @Value__Value__ov2(%t2, %t3)
    %t4 = call i32 @consume(%t2)
    store i32 %t4, $call__1
    %t5 = load i32 $call__1
    store i32 %t5, $result
    eh_end
    jump ^call_unwind_end_3

  block ^cleanup_resume_1:
    resume

  block ^cleanup_action_2:
    %t6 = addr $source
    call void @Value___Value(%t6)
    jump ^cleanup_resume_1

  block ^call_unwind_end_3:
    %t7 = load i32 $result
    %t8 = cmp eq i32 %t7, 7
    branch %t8, ^land_rhs_10, ^land_short_11

  block ^land_rhs_10:
    %t9 = addr $source
    %t10 = index i8 [projection=field] %t9, 0
    %t11 = load ptr %t10
    %t12 = load i32 %t11
    %t13 = cmp eq i32 %t12, 7
    %t14 = cmp ne i64 %t13, 0
    store i64 %t14, $land__5
    jump ^land_end_12

  block ^land_short_11:
    store i64 0, $land__5
    jump ^land_end_12

  block ^land_end_12:
    %t15 = load i64 $land__5
    branch %t15, ^land_rhs_7, ^land_short_8

  block ^land_rhs_7:
    %t16 = load i32 @Value__live
    %t17 = cmp eq i32 %t16, 1
    %t18 = cmp ne i64 %t17, 0
    store i64 %t18, $land__4
    jump ^land_end_9

  block ^land_short_8:
    store i64 0, $land__4
    jump ^land_end_9

  block ^land_end_9:
    %t19 = load i64 $land__4
    branch %t19, ^cond_then_4, ^cond_else_5

  block ^cond_then_4:
    store i32 0, $cond__3
    jump ^cond_end_6

  block ^cond_else_5:
    store i32 1, $cond__3
    jump ^cond_end_6

  block ^cond_end_6:
    %t20 = load i32 $cond__3
    %t21 = addr $source
    call void @Value___Value(%t21)
    return i32 %t20
}

function @Value___Value(%this : ptr) -> void [binding=weak, object=_ZN5ValueD1Ev] {
  slot $this : ptr

  block ^entry:
    store ptr %this, $this
    %t1 = load ptr $this
    %t2 = index i8 [projection=field] %t1, 0
    %t3 = load ptr %t2
    call void @operatordelete(%t3)
    %t4 = load i32 @Value__live
    %t5 = binary sub i32 %t4, 1
    store i32 %t5, @Value__live
    return void
}

function @Value__Value(%this : ptr) -> void [binding=weak, object=_ZN5ValueC1Ev] {
  slot $this : ptr

  block ^entry:
    store ptr %this, $this
    %t1 = convert sext i64 i32 4
    %t2 = call ptr @operatornew(%t1)
    store i32 7, %t2
    %t3 = load ptr $this
    %t4 = index i8 [projection=field] %t3, 0
    store ptr %t2, %t4
    %t5 = load i32 @Value__live
    %t6 = binary add i32 %t5, 1
    store i32 %t6, @Value__live
    return void
}

function @Value__Value__ov2(%this : ptr, %other : ptr [pass=reference]) -> void [binding=weak, object=_ZN5ValueC1ERKS_] {
  slot $this : ptr
  slot $other : ptr

  block ^entry:
    store ptr %this, $this
    store ptr %other, $other
    %t1 = convert sext i64 i32 4
    %t2 = call ptr @operatornew(%t1)
    %t3 = load ptr $other
    %t4 = index i8 [projection=field] %t3, 0
    %t5 = load ptr %t4
    %t6 = load i32 %t5
    store i32 %t6, %t2
    %t7 = load ptr $this
    %t8 = index i8 [projection=field] %t7, 0
    store ptr %t2, %t8
    %t9 = load i32 @Value__live
    %t10 = binary add i32 %t9, 1
    store i32 %t10, @Value__live
    return void
}
