declare global @__external_rtti_vtable____class_type_info [role=rtti_class, binding=strong, object=_ZTVN10__cxxabiv117__class_type_infoE]

declare function @operatornew(%arg0 : i64) -> ptr [effects=readwrite, role=allocate_memory, binding=strong, object=cppgm_builtin_operator_new]
declare function @operatordelete(%arg0 : ptr) -> void [effects=readwrite, unwind=no, role=free_memory, binding=strong, object=cppgm_builtin_operator_delete]

global @__typeinfo_name__struct_Foo [binding=weak, object=_ZTS3Foo] = {
  i8 51
  i8 70
  i8 111
  i8 111
  i8 0
}
global @__rtti_struct_Foo [binding=weak, object=_ZTI3Foo] = {
  ptr addr @__external_rtti_vtable____class_type_info + 16
  ptr addr @__typeinfo_name__struct_Foo
}

function @main() -> i32 [role=entry, binding=strong, keep_alias=yes] {
  slot $f : obj<4x4>
  slot $cond__1 : i32

  block ^entry:
    %t1 = addr $f
    call void @Foo__Foo(%t1, 7)
    %t2 = addr $f
    %t3 = call i32 @same_cloned_type(%t2)
    branch %t3, ^cond_then_1, ^cond_else_2

  block ^cond_then_1:
    store i32 0, $cond__1
    jump ^cond_end_3

  block ^cond_else_2:
    store i32 1, $cond__1
    jump ^cond_end_3

  block ^cond_end_3:
    %t4 = load i32 $cond__1
    return i32 %t4
}
function @Foo__Foo(%this : ptr, %v : i32) -> void [binding=weak, object=_ZN3FooC1Ei] {
  slot $this : ptr
  slot $v : i32

  block ^entry:
    store ptr %this, $this
    store i32 %v, $v
    %t1 = load i32 $v
    %t2 = load ptr $this
    %t3 = index i8 [projection=field] %t2, 0
    store i32 %t1, %t3
    return void
}
function @same_cloned_type(%r : ptr [pass=reference]) -> i32 [binding=weak, object=_Z16same_cloned_typeI3FooEiRKT_] {
  slot $r : ptr
  slot $copy : ptr
  slot $same : i32

  block ^entry:
    store ptr %r, $r
    %t1 = convert sext i64 i32 4
    %t2 = call ptr @operatornew(%t1)
    %t3 = load ptr $r
    call void @Foo__Foo__ov2(%t2, %t3)
    store ptr %t2, $copy
    %t4 = addr @__rtti_struct_Foo
    %t5 = addr @__rtti_struct_Foo
    %t6 = cmp eq ptr %t4, %t5
    %t7 = convert trunc i32 i64 %t6
    store i32 %t7, $same
    %t8 = load ptr $copy
    %t9 = cmp ne ptr %t8, 0
    branch %t9, ^delete_nonnull_1, ^delete_end_2

  block ^delete_nonnull_1:
    call void @operatordelete(%t8)
    jump ^delete_end_2

  block ^delete_end_2:
    %t10 = load i32 $same
    return i32 %t10
}
function @Foo__Foo__ov2(%this : ptr, %other : ptr [pass=reference]) -> void [unwind=no, binding=weak, object=_ZN3FooC1ERKS_] {
  slot $this : ptr
  slot $other : ptr

  block ^entry:
    store ptr %this, $this
    store ptr %other, $other
    %t1 = load ptr $this
    %t2 = load ptr $other
    copyobj 4x4 %t2, %t1
    return void
}
alias object _ZN3FooC2Ei = @Foo__Foo
alias object _ZN3FooC2ERKS_ = @Foo__Foo__ov2
