declare global @__external_rtti_vtable____class_type_info [binding=strong, object=_ZTVN10__cxxabiv117__class_type_infoE]

declare global @__external_rtti_vtable____si_class_type_info [binding=strong, object=_ZTVN10__cxxabiv120__si_class_type_infoE]

declare function @operatordelete(%arg0 : ptr) -> void [effects=readwrite, unwind=no, binding=strong, object=cppgm_builtin_operator_delete]

global @__typeinfo_name__class_array_reference_cv_lazy [binding=weak, object=_ZTS23array_reference_cv_lazy] = {
  i8 50
  i8 51
  i8 97
  i8 114
  i8 114
  i8 97
  i8 121
  i8 95
  i8 114
  i8 101
  i8 102
  i8 101
  i8 114
  i8 101
  i8 110
  i8 99
  i8 101
  i8 95
  i8 99
  i8 118
  i8 95
  i8 108
  i8 97
  i8 122
  i8 121
  i8 0
}

global @__rtti_class_array_reference_cv_lazy [binding=weak, object=_ZTI23array_reference_cv_lazy] = {
  ptr addr @__external_rtti_vtable____class_type_info + 16
  ptr addr @__typeinfo_name__class_array_reference_cv_lazy
}

global @__typeinfo_name_type_28array_reference_cv_lazy_implI23array_reference_cv_lazyA4_cRA4_KcE [binding=weak, object=_ZTS28array_reference_cv_lazy_implI23array_reference_cv_lazyA4_cRA4_KcE] = {
  i8 50
  i8 56
  i8 97
  i8 114
  i8 114
  i8 97
  i8 121
  i8 95
  i8 114
  i8 101
  i8 102
  i8 101
  i8 114
  i8 101
  i8 110
  i8 99
  i8 101
  i8 95
  i8 99
  i8 118
  i8 95
  i8 108
  i8 97
  i8 122
  i8 121
  i8 95
  i8 105
  i8 109
  i8 112
  i8 108
  i8 73
  i8 50
  i8 51
  i8 97
  i8 114
  i8 114
  i8 97
  i8 121
  i8 95
  i8 114
  i8 101
  i8 102
  i8 101
  i8 114
  i8 101
  i8 110
  i8 99
  i8 101
  i8 95
  i8 99
  i8 118
  i8 95
  i8 108
  i8 97
  i8 122
  i8 121
  i8 65
  i8 52
  i8 95
  i8 99
  i8 82
  i8 65
  i8 52
  i8 95
  i8 75
  i8 99
  i8 69
  i8 0
}

global @__rtti_type_28array_reference_cv_lazy_implI23array_reference_cv_lazyA4_cRA4_KcE [binding=weak, object=_ZTI28array_reference_cv_lazy_implI23array_reference_cv_lazyA4_cRA4_KcE] = {
  ptr addr @__external_rtti_vtable____si_class_type_info + 16
  ptr addr @__typeinfo_name_type_28array_reference_cv_lazy_implI23array_reference_cv_lazyA4_cRA4_KcE
  ptr addr @__rtti_class_array_reference_cv_lazy
}

global @array_reference_cv_lazy__vtable [binding=weak, object=_ZTV23array_reference_cv_lazy] = {
  i64 0
  ptr addr @__rtti_class_array_reference_cv_lazy
  ptr addr @array_reference_cv_lazy___array_reference_cv_lazy
  ptr addr @array_reference_cv_lazy___array_reference_cv_lazy__deleting_entry
  ptr addr @array_reference_cv_lazy__operator__
}

global @__vtable_type_28array_reference_cv_lazy_implI23array_reference_cv_lazyA4_cRA4_KcE [binding=weak, object=_ZTV28array_reference_cv_lazy_implI23array_reference_cv_lazyA4_cRA4_KcE] = {
  i64 0
  ptr addr @__rtti_type_28array_reference_cv_lazy_implI23array_reference_cv_lazyA4_cRA4_KcE
  ptr addr @array_reference_cv_lazy_impl_array_reference_cv_lazy__array_of_4_char__lvalue_reference_to_array_of_4_const_char____array_reference_cv_lazy_impl
  ptr addr @array_reference_cv_lazy_impl_array_reference_cv_lazy__array_of_4_char__lvalue_reference_to_array_of_4_const_char____array_reference_cv_lazy_impl__deleting_entry
  ptr addr @array_reference_cv_lazy_impl_array_reference_cv_lazy__array_of_4_char__lvalue_reference_to_array_of_4_const_char___operator__
}

global @__strlit__1 [binding=internal] = {
  i8 97
  i8 98
  i8 99
  i8 0
}

function @force(%lazy : ptr [pass=reference], %out : ptr [pass=reference]) -> void [binding=strong, object=_Z5forceRK23array_reference_cv_lazyR25array_reference_cv_stream] {
  slot $lazy : ptr
  slot $out : ptr
  slot $call__1 : ptr
  slot $tmpobj__2 : obj<24x8>

  block ^entry:
    store ptr %lazy, $lazy
    store ptr %out, $out
    eh_try ^cleanup_resume_1
    %t1 = addr $tmpobj__2
    %t2 = load ptr $lazy
    %t3 = addr @__strlit__1
    call void @operator__(%t1, %t2, %t3)
    eh_end
    jump ^call_unwind_end_2

  block ^cleanup_resume_1:
    resume

  block ^call_unwind_end_2:
    eh_try ^cleanup_action_3
    %t4 = load ptr $out
    %t5 = load ptr %t1
    %t6 = index i8 %t5, 16
    %t7 = load ptr %t6
    %t8 = call ptr %t7(%t1, %t4) as (%arg0 : ptr, %arg1 : ptr [pass=reference]) -> ptr
    store ptr %t8, $call__1
    %t9 = load ptr $call__1
    call void @array_reference_cv_lazy_impl_array_reference_cv_lazy__array_of_4_char__lvalue_reference_to_array_of_4_const_char____array_reference_cv_lazy_impl(%t1)
    eh_end
    jump ^call_unwind_end_4

  block ^cleanup_action_3:
    call void @array_reference_cv_lazy_impl_array_reference_cv_lazy__array_of_4_char__lvalue_reference_to_array_of_4_const_char____array_reference_cv_lazy_impl(%t1)
    jump ^cleanup_resume_1

  block ^call_unwind_end_4:
    return void
}

function @main() -> i32 [role=entry, binding=strong, keep_alias=yes] {
  block ^entry:
    return i32 0
}

function @operator__(%ret : ptr [pass=indirect_result], %prev : ptr [pass=reference], %value : ptr [pass=reference]) -> void [binding=weak, object=_ZlsIA4_cE28array_reference_cv_lazy_implI23array_reference_cv_lazyT_RKS3_ERKS2_S5_] {
  slot $prev : ptr
  slot $value : ptr

  block ^entry:
    store ptr %prev, $prev
    store ptr %value, $value
    %t1 = load ptr $prev
    %t2 = load ptr $value
    call void @array_reference_cv_lazy_impl_array_reference_cv_lazy__array_of_4_char__lvalue_reference_to_array_of_4_const_char___array_reference_cv_lazy_impl(%ret, %t1, %t2)
    return void
}

function @array_reference_cv_lazy_impl_array_reference_cv_lazy__array_of_4_char__lvalue_reference_to_array_of_4_const_char___operator__(%this : ptr, %out : ptr [pass=reference]) -> ptr [binding=weak, object=_ZNK28array_reference_cv_lazy_implI23array_reference_cv_lazyA4_cRA4_KcEclER25array_reference_cv_stream] {
  slot $this : ptr
  slot $out : ptr
  slot $arg__1 : obj<8x8>

  block ^entry:
    store ptr %this, $this
    store ptr %out, $out
    %t1 = load ptr $this
    %t2 = index i8 [projection=field] %t1, 8
    %t3 = load ptr %t2
    %t4 = load ptr $out
    %t5 = load ptr %t3
    %t6 = index i8 %t5, 16
    %t7 = load ptr %t6
    %t8 = call ptr %t7(%t3, %t4) as (%arg0 : ptr, %arg1 : ptr [pass=reference]) -> ptr
    %t9 = addr $arg__1
    %t10 = load ptr $this
    %t11 = index i8 [projection=field] %t10, 16
    %t12 = load ptr %t11
    %t13 = call obj<8x8> @array_reference_cv_detail__print_helper(%t12)
    copyobj 8x8 %t13, %t9
    %t14 = call ptr @array_reference_cv_detail__operator__(%t8, %t9)
    return ptr %t14
}

function @array_reference_cv_lazy_impl_array_reference_cv_lazy__array_of_4_char__lvalue_reference_to_array_of_4_const_char____array_reference_cv_lazy_impl__deleting_entry(%this : ptr) -> void [binding=weak, object=_ZN28array_reference_cv_lazy_implI23array_reference_cv_lazyA4_cRA4_KcED0Ev] {
  slot $this : ptr

  block ^entry:
    store ptr %this, $this
    eh_cleanup ^destructor_cleanup_1
    %t1 = load ptr $this
    %t2 = addr @__vtable_type_28array_reference_cv_lazy_implI23array_reference_cv_lazyA4_cRA4_KcE
    %t3 = index i8 %t2, 16
    store ptr %t3, %t1
    eh_end
    eh_cleanup ^destructor_suffix_cleanup_3
    %t4 = load ptr $this
    %t5 = index i8 [projection=base_subobject] %t4, 0
    call void @array_reference_cv_lazy___array_reference_cv_lazy__base_entry(%t5)
    eh_end
    jump ^destructor_suffix_next_4

  block ^destructor_suffix_cleanup_3:
    %t6 = load ptr $this
    call void @operatordelete(%t6)
    eh_end
    resume

  block ^destructor_suffix_next_4:
    %t7 = load ptr $this
    call void @operatordelete(%t7)
    jump ^destructor_end_2

  block ^destructor_cleanup_1:
    %t8 = load ptr $this
    %t9 = index i8 [projection=base_subobject] %t8, 0
    call void @array_reference_cv_lazy___array_reference_cv_lazy__base_entry(%t9)
    %t10 = load ptr $this
    call void @operatordelete(%t10)
    eh_end
    resume

  block ^destructor_end_2:
    return void
}

function @array_reference_cv_lazy_impl_array_reference_cv_lazy__array_of_4_char__lvalue_reference_to_array_of_4_const_char____array_reference_cv_lazy_impl(%this : ptr) -> void [unwind=no, binding=weak, object=_ZN28array_reference_cv_lazy_implI23array_reference_cv_lazyA4_cRA4_KcED1Ev] {
  slot $this : ptr

  block ^entry:
    store ptr %this, $this
    eh_cleanup ^destructor_cleanup_1
    %t1 = load ptr $this
    %t2 = addr @__vtable_type_28array_reference_cv_lazy_implI23array_reference_cv_lazyA4_cRA4_KcE
    %t3 = index i8 %t2, 16
    store ptr %t3, %t1
    eh_end
    %t4 = load ptr $this
    %t5 = index i8 [projection=base_subobject] %t4, 0
    call void @array_reference_cv_lazy___array_reference_cv_lazy__base_entry(%t5)
    jump ^destructor_end_2

  block ^destructor_cleanup_1:
    %t6 = load ptr $this
    %t7 = index i8 [projection=base_subobject] %t6, 0
    call void @array_reference_cv_lazy___array_reference_cv_lazy__base_entry(%t7)
    eh_end
    resume

  block ^destructor_end_2:
    return void
}

function @array_reference_cv_lazy_impl_array_reference_cv_lazy__array_of_4_char__lvalue_reference_to_array_of_4_const_char___array_reference_cv_lazy_impl(%this : ptr, %prev : ptr [pass=reference], %value : ptr [pass=reference]) -> void [binding=weak, object=_ZN28array_reference_cv_lazy_implI23array_reference_cv_lazyA4_cRA4_KcEC1ERKS0_S4_] {
  slot $this : ptr
  slot $prev : ptr
  slot $value : ptr

  block ^entry:
    store ptr %this, $this
    store ptr %prev, $prev
    store ptr %value, $value
    %t1 = load ptr $this
    %t2 = index i8 [projection=base_subobject] %t1, 0
    call void @array_reference_cv_lazy__array_reference_cv_lazy__base_entry(%t2, 0)
    %t3 = load ptr $this
    %t4 = addr @__vtable_type_28array_reference_cv_lazy_implI23array_reference_cv_lazyA4_cRA4_KcE
    %t5 = index i8 %t4, 16
    store ptr %t5, %t3
    %t6 = load ptr $prev
    %t7 = load ptr $this
    %t8 = index i8 [projection=field] %t7, 8
    store ptr %t6, %t8
    %t9 = load ptr $value
    %t10 = load ptr $this
    %t11 = index i8 [projection=field] %t10, 16
    store ptr %t9, %t11
    return void
}

function @array_reference_cv_lazy__operator__(%this : ptr, %out : ptr [pass=reference]) -> ptr [binding=weak, object=_ZNK23array_reference_cv_lazyclER25array_reference_cv_stream] {
  slot $this : ptr
  slot $out : ptr

  block ^entry:
    store ptr %this, $this
    store ptr %out, $out
    %t1 = load ptr $out
    return ptr %t1
}

function @array_reference_cv_detail__print_helper(%t : ptr [pass=reference]) -> obj<8x8> [binding=weak, object=_ZN25array_reference_cv_detail12print_helperIA4_cEENS_14print_helper_tIT_EERKS3_] {
  slot $t : ptr
  slot $retobj__1 : obj<8x8>

  block ^entry:
    store ptr %t, $t
    %t1 = addr $retobj__1
    %t2 = load ptr $t
    call void @array_reference_cv_detail__print_helper_t_array_of_4_char___print_helper_t(%t1, %t2)
    return obj<8x8> $retobj__1
}

function @array_reference_cv_detail__operator__(%out : ptr [pass=reference], %__param1 : ptr [pass=reference]) -> ptr [binding=weak, object=_ZN25array_reference_cv_detaillsIA4_cEER25array_reference_cv_streamS3_RKNS_14print_helper_tIT_EE] {
  slot $out : ptr
  slot $__param1 : ptr

  block ^entry:
    store ptr %out, $out
    store ptr %__param1, $__param1
    %t1 = load ptr $out
    return ptr %t1
}

function @array_reference_cv_lazy___array_reference_cv_lazy__base_entry(%this : ptr) -> void [binding=weak, object=_ZN23array_reference_cv_lazyD2Ev] {
  slot $this : ptr

  block ^entry:
    store ptr %this, $this
    %t1 = load ptr $this
    %t2 = addr @array_reference_cv_lazy__vtable
    %t3 = index i8 %t2, 16
    store ptr %t3, %t1
    return void
}

function @array_reference_cv_lazy___array_reference_cv_lazy__deleting_entry(%this : ptr) -> void [binding=weak, object=_ZN23array_reference_cv_lazyD0Ev] {
  slot $this : ptr

  block ^entry:
    store ptr %this, $this
    eh_cleanup ^destructor_cleanup_1
    %t1 = load ptr $this
    %t2 = addr @array_reference_cv_lazy__vtable
    %t3 = index i8 %t2, 16
    store ptr %t3, %t1
    eh_end
    %t4 = load ptr $this
    call void @operatordelete(%t4)
    jump ^destructor_end_2

  block ^destructor_cleanup_1:
    %t5 = load ptr $this
    call void @operatordelete(%t5)
    eh_end
    resume

  block ^destructor_end_2:
    return void
}

function @array_reference_cv_lazy___array_reference_cv_lazy(%this : ptr) -> void [binding=weak, object=_ZN23array_reference_cv_lazyD1Ev] {
  slot $this : ptr

  block ^entry:
    store ptr %this, $this
    %t1 = load ptr $this
    %t2 = addr @array_reference_cv_lazy__vtable
    %t3 = index i8 %t2, 16
    store ptr %t3, %t1
    return void
}

function @array_reference_cv_lazy__array_reference_cv_lazy__base_entry(%this : ptr, %__param1 : u8) -> void [binding=weak, object=_ZN23array_reference_cv_lazyC2Eb] {
  slot $this : ptr
  slot $__param1 : u8

  block ^entry:
    store ptr %this, $this
    store u8 %__param1, $__param1
    %t1 = load ptr $this
    %t2 = addr @array_reference_cv_lazy__vtable
    %t3 = index i8 %t2, 16
    store ptr %t3, %t1
    return void
}

function @array_reference_cv_lazy__array_reference_cv_lazy(%this : ptr, %__param1 : u8) -> void [binding=weak, object=_ZN23array_reference_cv_lazyC1Eb] {
  slot $this : ptr
  slot $__param1 : u8

  block ^entry:
    store ptr %this, $this
    store u8 %__param1, $__param1
    %t1 = load ptr $this
    %t2 = addr @array_reference_cv_lazy__vtable
    %t3 = index i8 %t2, 16
    store ptr %t3, %t1
    return void
}

function @array_reference_cv_detail__print_helper_t_array_of_4_char___print_helper_t(%this : ptr, %t : ptr [pass=reference]) -> void [binding=weak, object=_ZN25array_reference_cv_detail14print_helper_tIA4_cEC1ERA4_Kc] {
  slot $this : ptr
  slot $t : ptr

  block ^entry:
    store ptr %this, $this
    store ptr %t, $t
    %t1 = load ptr $t
    %t2 = load ptr $this
    %t3 = index i8 [projection=field] %t2, 0
    store ptr %t1, %t3
    return void
}
