declare function @operatornew__ov2(%arg0 : i64, %arg1 : ptr) -> ptr [unwind=no, binding=strong, object=_ZnwmPv]
declare function @S__S(%arg0 : ptr, %arg1 : i32) -> void [binding=strong, object=_ZN1SC1Ei]

function @main() -> i32 [role=entry, binding=strong, keep_alias=yes] {
  slot $buf : obj<8x1>
  slot $p : ptr

  block ^entry:
    %t1 = convert sext i64 i32 1
    %t2 = addr $buf
    %t3 = unary decay ptr %t2
    %t4 = call ptr @operatornew__ov2(%t1, %t3)
    call void @S__S(%t4, 7)
    store ptr %t4, $p
    %t5 = load ptr $p
    %t6 = cmp eq ptr %t5, 0
    %t7 = convert trunc i32 i64 %t6
    return i32 %t7
}
