function @main() -> i32 [role=entry, binding=strong, keep_alias=yes] {
  slot $x : obj<4x4>

  block ^entry:
    %t1 = addr $x
    %t2 = addr $x
    %t3 = index i8 [projection=field] %t2, 0
    %t4 = binary and i32 7, 3
    store i32 %t4, %t3
    %t5 = addr $x
    %t6 = index i8 [projection=field] %t5, 0
    %t7 = load i32 %t6
    %t8 = binary and i32 %t7, 7
    %t9 = binary shl i32 %t8, 29
    %t10 = binary shr i32 %t9, 29
    %t11 = cmp ne i32 %t10, 3
    %t12 = convert trunc i32 i64 %t11
    return i32 %t12
}
