function @main() -> i32 [role=entry, binding=strong, keep_alias=yes] {
  slot $retained : obj<1x1>

  block ^entry:
    %t1 = addr $retained
    %t3 = call i32 @__lambda_main_t10_20__operator__(%t1, 4)
    %t4 = binary sub i32 %t3, 5
    return i32 %t4
}
function @__lambda_main_t10_20__operator__(%this : ptr, %value : i32) -> i32 [binding=internal, object=_ZZ4mainENK3$_0clEi, prefer_local=yes, inline_hint=yes, no_inline=yes] {
  block ^entry:
    %t2 = binary add i32 %value, 1
    return i32 %t2
}
