function @next_value() -> i32 [binding=strong, object=_Z10next_valuev] {
  block ^entry:
    return i32 7
}

function @main() -> i32 [role=entry, binding=strong, keep_alias=yes] {
  slot $value : i32

  block ^entry:
    %t1 = call i32 @next_value()
    store i32 %t1, $value
    %t2 = load i32 $value
    %t3 = binary sub i32 %t2, 7
    return i32 %t3
}
