function @main() -> i32 [role=entry, binding=strong, keep_alias=yes] {
  slot $object : obj<4x4>

  block ^entry:
    %t1 = addr $object
    call void @holder__holder(%t1)
    %t2 = addr $object
    %t3 = call i32 @holder__read(%t2)
    %t4 = binary sub i32 %t3, 7
    return i32 %t4
}

function @holder__holder(%this : ptr) -> void [binding=weak, object=_ZN6holderC1Ev] {
  slot $this : ptr

  block ^entry:
    store ptr %this, $this
    %t1 = load ptr $this
    %t2 = index i8 [projection=field] %t1, 0
    store i32 7, %t2
    return void
}

function @holder__read(%this : ptr) -> i32 [binding=weak, object=_ZN6holder4readEv] {
  slot $this : ptr
  slot $get : obj<1x1>

  block ^entry:
    store ptr %this, $this
    %t1 = addr $get
    %t2 = addr $get
    %t3 = load ptr $this
    %t4 = call i32 @__lambda_holder__read_t0_0_n0__operator__(%t2, %t3)
    return i32 %t4
}

function @__lambda_holder__read_t0_0_n0__operator__(%this : ptr, %object : ptr [pass=reference]) -> i32 [binding=weak, object=_ZZN6holder4readEvENUlRS_E0_clEv] {
  slot $this : ptr
  slot $object : ptr

  block ^entry:
    store ptr %this, $this
    store ptr %object, $object
    %t1 = load ptr $object
    %t2 = index i8 [projection=field] %t1, 0
    %t3 = load i32 %t2
    return i32 %t3
}
