function @destroy_safe(%value : ptr) -> void [binding=strong, object=_Z12destroy_safeP5OwnerI8SafeLeafE] {
  slot $value : ptr

  block ^entry:
    store ptr %value, $value
    %t1 = load ptr $value
    call void @Owner_SafeLeaf____Owner(%t1)
    return void
}
function @destroy_throwing(%value : ptr) -> void [binding=strong, object=_Z16destroy_throwingP5OwnerI12ThrowingLeafE] {
  slot $value : ptr

  block ^entry:
    store ptr %value, $value
    %t1 = load ptr $value
    call void @Owner_ThrowingLeaf____Owner(%t1)
    return void
}
function @Owner_SafeLeaf____Owner(%this : ptr) -> void [unwind=no, binding=weak, object=_ZN5OwnerI8SafeLeafED1Ev] {
  slot $this : ptr

  block ^entry:
    store ptr %this, $this
    return void
}
function @Owner_ThrowingLeaf____Owner(%this : ptr) -> void [binding=weak, object=_ZN5OwnerI12ThrowingLeafED1Ev] {
  slot $this : ptr

  block ^entry:
    store ptr %this, $this
    return void
}
alias object _ZN5OwnerI8SafeLeafED2Ev = @Owner_SafeLeaf____Owner
alias object _ZN5OwnerI12ThrowingLeafED2Ev = @Owner_ThrowingLeaf____Owner
